Component: Arm Compiler for Embedded 6.19 Tool: armlink [5e73cb00]

==============================================================================

Section Cross References

    startup_stm32f103xe.o(STACK) refers (Special) to heapauxi.o(.text) for __use_two_region_memory
    startup_stm32f103xe.o(HEAP) refers (Special) to heapauxi.o(.text) for __use_two_region_memory
    startup_stm32f103xe.o(RESET) refers (Special) to heapauxi.o(.text) for __use_two_region_memory
    startup_stm32f103xe.o(RESET) refers to startup_stm32f103xe.o(STACK) for __initial_sp
    startup_stm32f103xe.o(RESET) refers to startup_stm32f103xe.o(.text) for Reset_Handler
    startup_stm32f103xe.o(RESET) refers to stm32f1xx_it.o(.text.NMI_Handler) for NMI_Handler
    startup_stm32f103xe.o(RESET) refers to stm32f1xx_it.o(.text.HardFault_Handler) for HardFault_Handler
    startup_stm32f103xe.o(RESET) refers to stm32f1xx_it.o(.text.MemManage_Handler) for MemManage_Handler
    startup_stm32f103xe.o(RESET) refers to stm32f1xx_it.o(.text.BusFault_Handler) for BusFault_Handler
    startup_stm32f103xe.o(RESET) refers to stm32f1xx_it.o(.text.UsageFault_Handler) for UsageFault_Handler
    startup_stm32f103xe.o(RESET) refers to stm32f1xx_it.o(.text.SVC_Handler) for SVC_Handler
    startup_stm32f103xe.o(RESET) refers to stm32f1xx_it.o(.text.DebugMon_Handler) for DebugMon_Handler
    startup_stm32f103xe.o(RESET) refers to stm32f1xx_it.o(.text.PendSV_Handler) for PendSV_Handler
    startup_stm32f103xe.o(RESET) refers to stm32f1xx_it.o(.text.SysTick_Handler) for SysTick_Handler
    startup_stm32f103xe.o(RESET) refers to stm32f1xx_it.o(.text.EXTI2_IRQHandler) for EXTI2_IRQHandler
    startup_stm32f103xe.o(.text) refers (Special) to heapauxi.o(.text) for __use_two_region_memory
    startup_stm32f103xe.o(.text) refers to system_stm32f1xx.o(.text.SystemInit) for SystemInit
    startup_stm32f103xe.o(.text) refers to __main.o(!!!main) for __main
    startup_stm32f103xe.o(.text) refers to startup_stm32f103xe.o(HEAP) for Heap_Mem
    startup_stm32f103xe.o(.text) refers to startup_stm32f103xe.o(STACK) for Stack_Mem
    main.o(.text) refers (Special) to _printf_percent.o(.ARM.Collect$$_printf_percent$$00000000) for _printf_percent
    main.o(.text) refers (Special) to _printf_d.o(.ARM.Collect$$_printf_percent$$00000009) for _printf_d
    main.o(.text) refers (Special) to _printf_dec.o(.text) for _printf_int_dec
    main.o(.text.HAL_GPIO_EXTI_Callback) refers (Special) to _printf_percent.o(.ARM.Collect$$_printf_percent$$00000000) for _printf_percent
    main.o(.text.HAL_GPIO_EXTI_Callback) refers (Special) to _printf_d.o(.ARM.Collect$$_printf_percent$$00000009) for _printf_d
    main.o(.text.HAL_GPIO_EXTI_Callback) refers (Special) to _printf_dec.o(.text) for _printf_int_dec
    main.o(.text.HAL_GPIO_EXTI_Callback) refers to stm32f1xx_hal.o(.text.HAL_GetTick) for HAL_GetTick
    main.o(.text.HAL_GPIO_EXTI_Callback) refers to main.o(.bss.key_tick) for key_tick
    main.o(.text.HAL_GPIO_EXTI_Callback) refers to led.o(.text.led_switch) for led_switch
    main.o(.ARM.exidx.text.HAL_GPIO_EXTI_Callback) refers (Special) to _printf_percent.o(.ARM.Collect$$_printf_percent$$00000000) for _printf_percent
    main.o(.ARM.exidx.text.HAL_GPIO_EXTI_Callback) refers (Special) to _printf_d.o(.ARM.Collect$$_printf_percent$$00000009) for _printf_d
    main.o(.ARM.exidx.text.HAL_GPIO_EXTI_Callback) refers (Special) to _printf_dec.o(.text) for _printf_int_dec
    main.o(.ARM.exidx.text.HAL_GPIO_EXTI_Callback) refers to main.o(.text.HAL_GPIO_EXTI_Callback) for [Anonymous Symbol]
    main.o(.text.play_animation) refers (Special) to _printf_percent.o(.ARM.Collect$$_printf_percent$$00000000) for _printf_percent
    main.o(.text.play_animation) refers (Special) to _printf_d.o(.ARM.Collect$$_printf_percent$$00000009) for _printf_d
    main.o(.text.play_animation) refers (Special) to _printf_dec.o(.text) for _printf_int_dec
    main.o(.text.play_animation) refers to main.o(.bss.u8g2) for u8g2
    main.o(.text.play_animation) refers to u8g2_buffer.o(.text.u8g2_ClearBuffer) for u8g2_ClearBuffer
    main.o(.text.play_animation) refers to u8g2_bitmap.o(.text.u8g2_DrawXBM) for u8g2_DrawXBM
    main.o(.text.play_animation) refers to u8g2_buffer.o(.text.u8g2_SendBuffer) for u8g2_SendBuffer
    main.o(.text.play_animation) refers to stm32f1xx_hal.o(.text.HAL_Delay) for HAL_Delay
    main.o(.ARM.exidx.text.play_animation) refers (Special) to _printf_percent.o(.ARM.Collect$$_printf_percent$$00000000) for _printf_percent
    main.o(.ARM.exidx.text.play_animation) refers (Special) to _printf_d.o(.ARM.Collect$$_printf_percent$$00000009) for _printf_d
    main.o(.ARM.exidx.text.play_animation) refers (Special) to _printf_dec.o(.text) for _printf_int_dec
    main.o(.ARM.exidx.text.play_animation) refers to main.o(.text.play_animation) for [Anonymous Symbol]
    main.o(.text.main) refers (Special) to _printf_percent.o(.ARM.Collect$$_printf_percent$$00000000) for _printf_percent
[...]
    stm32f1xx_hal_tim_ex.c                   0x00000000   Number         0  stm32f1xx_hal_tim_ex.o ABSOLUTE
    stm32f1xx_it.c                           0x00000000   Number         0  stm32f1xx_it.o ABSOLUTE
    system_stm32f1xx.c                       0x00000000   Number         0  system_stm32f1xx.o ABSOLUTE
    u8g2_bitmap.c                            0x00000000   Number         0  u8g2_bitmap.o ABSOLUTE
    u8g2_box.c                               0x00000000   Number         0  u8g2_box.o ABSOLUTE
    u8g2_buffer.c                            0x00000000   Number         0  u8g2_buffer.o ABSOLUTE
    u8g2_button.c                            0x00000000   Number         0  u8g2_button.o ABSOLUTE
    u8g2_circle.c                            0x00000000   Number         0  u8g2_circle.o ABSOLUTE
    u8g2_cleardisplay.c                      0x00000000   Number         0  u8g2_cleardisplay.o ABSOLUTE
    u8g2_d_memory.c                          0x00000000   Number         0  u8g2_d_memory.o ABSOLUTE
    u8g2_d_setup.c                           0x00000000   Number         0  u8g2_d_setup.o ABSOLUTE
    u8g2_font.c                              0x00000000   Number         0  u8g2_font.o ABSOLUTE
    u8g2_fonts.c                             0x00000000   Number         0  u8g2_fonts.o ABSOLUTE
    u8g2_hvline.c                            0x00000000   Number         0  u8g2_hvline.o ABSOLUTE
    u8g2_input_value.c                       0x00000000   Number         0  u8g2_input_value.o ABSOLUTE
    u8g2_intersection.c                      0x00000000   Number         0  u8g2_intersection.o ABSOLUTE
    u8g2_kerning.c                           0x00000000   Number         0  u8g2_kerning.o ABSOLUTE
    u8g2_line.c                              0x00000000   Number         0  u8g2_line.o ABSOLUTE
    u8g2_ll_hvline.c                         0x00000000   Number         0  u8g2_ll_hvline.o ABSOLUTE
    u8g2_message.c                           0x00000000   Number         0  u8g2_message.o ABSOLUTE
    u8g2_polygon.c                           0x00000000   Number         0  u8g2_polygon.o ABSOLUTE
    u8g2_selection_list.c                    0x00000000   Number         0  u8g2_selection_list.o ABSOLUTE
    u8g2_setup.c                             0x00000000   Number         0  u8g2_setup.o ABSOLUTE
    u8log.c                                  0x00000000   Number         0  u8log.o ABSOLUTE
    u8log_u8g2.c                             0x00000000   Number         0  u8log_u8g2.o ABSOLUTE
    u8log_u8x8.c                             0x00000000   Number         0  u8log_u8x8.o ABSOLUTE
    u8x8_8x8.c                               0x00000000   Number         0  u8x8_8x8.o ABSOLUTE
    u8x8_byte.c                              0x00000000   Number         0  u8x8_byte.o ABSOLUTE
    u8x8_cad.c                               0x00000000   Number         0  u8x8_cad.o ABSOLUTE
    u8x8_capture.c                           0x00000000   Number         0  u8x8_capture.o ABSOLUTE
    u8x8_d_ssd1306_128x64_noname.c           0x00000000   Number         0  u8x8_d_ssd1306_128x64_noname.o ABSOLUTE
    u8x8_debounce.c                          0x00000000   Number         0  u8x8_debounce.o ABSOLUTE
    u8x8_display.c                           0x00000000   Number         0  u8x8_display.o ABSOLUTE
    u8x8_fonts.c                             0x00000000   Number         0  u8x8_fonts.o ABSOLUTE
    u8x8_gpio.c                              0x00000000   Number         0  u8x8_gpio.o ABSOLUTE
    u8x8_input_value.c                       0x00000000   Number         0  u8x8_input_value.o ABSOLUTE
    u8x8_message.c                           0x00000000   Number         0  u8x8_message.o ABSOLUTE
    u8x8_selection_list.c                    0x00000000   Number         0  u8x8_selection_list.o ABSOLUTE
    u8x8_setup.c                             0x00000000   Number         0  u8x8_setup.o ABSOLUTE
    u8x8_string.c                            0x00000000   Number         0  u8x8_string.o ABSOLUTE
    u8x8_u16toa.c                            0x00000000   Number         0  u8x8_u16toa.o ABSOLUTE
    u8x8_u8toa.c                             0x00000000   Number         0  u8x8_u8toa.o ABSOLUTE
    RESET                                    0x08000000   Section      304  startup_stm32f103xe.o(RESET)
    !!!main                                  0x08000130   Section        8  __main.o(!!!main)
    !!!scatter                               0x08000138   Section       52  __scatter.o(!!!scatter)
    !!handler_copy                           0x0800016c   Section       26  __scatter_copy.o(!!handler_copy)
    !!handler_zi                             0x08000188   Section       28  __scatter_zi.o(!!handler_zi)
    .ARM.Collect$$_printf_percent$$00000000  0x080001a4   Section        0  _printf_percent.o(.ARM.Collect$$_printf_percent$$00000000)
    .ARM.Collect$$_printf_percent$$00000009  0x080001a4   Section        6  _printf_d.o(.ARM.Collect$$_printf_percent$$00000009)
    .ARM.Collect$$_printf_percent$$00000017  0x080001aa   Section        4  _printf_percent_end.o(.ARM.Collect$$_printf_percent$$00000017)
    .ARM.Collect$$libinit$$00000000          0x080001ae   Section        2  libinit.o(.ARM.Collect$$libinit$$00000000)
    .ARM.Collect$$libinit$$00000002          0x080001b0   Section        0  libinit2.o(.ARM.Collect$$libinit$$00000002)
    .ARM.Collect$$libinit$$00000004          0x080001b0   Section        0  libinit2.o(.ARM.Collect$$libinit$$00000004)
    .ARM.Collect$$libinit$$00000006          0x080001b0   Section        0  libinit2.o(.ARM.Collect$$libinit$$00000006)
    .ARM.Collect$$libinit$$0000000C          0x080001b0   Section        0  libinit2.o(.ARM.Collect$$libinit$$0000000C)
    .ARM.Collect$$libinit$$0000000E          0x080001b0   Section        0  libinit2.o(.ARM.Collect$$libinit$$0000000E)
    .ARM.Collect$$libinit$$00000010          0x080001b0   Section        0  libinit2.o(.ARM.Collect$$libinit$$00000010)
    .ARM.Collect$$libinit$$00000013          0x080001b0   Section        0  libinit2.o(.ARM.Collect$$libinit$$00000013)
    .ARM.Collect$$libinit$$00000015          0x080001b0   Section        0  libinit2.o(.ARM.Collect$$libinit$$00000015)
    .ARM.Collect$$libinit$$00000017          0x080001b0   Section        0  libinit2.o(.ARM.Collect$$libinit$$00000017)
    .ARM.Collect$$libinit$$00000019          0x080001b0   Section        0  libinit2.o(.ARM.Collect$$libinit$$00000019)
    .ARM.Collect$$libinit$$0000001B          0x080001b0   Section        0  libinit2.o(.ARM.Collect$$libinit$$0000001B)
    .ARM.Collect$$libinit$$0000001D          0x080001b0   Section        0  libinit2.o(.ARM.Collect$$libinit$$0000001D)
    .ARM.Collect$$libinit$$0000001F          0x080001b0   Section        0  libinit2.o(.ARM.Collect$$libinit$$0000001F)
    .ARM.Collect$$libinit$$00000021          0x080001b0   Section        0  libinit2.o(.ARM.Collect$$libinit$$00000021)
    .ARM.Collect$$libinit$$00000023          0x080001b0   Section        0  libinit2.o(.ARM.Collect$$libinit$$00000023)
    .ARM.Collect$$libinit$$00000025          0x080001b0   Section        0  libinit2.o(.ARM.Collect$$libinit$$00000025)
    .ARM.Collect$$libinit$$00000027          0x080001b0   Section        0  libinit2.o(.ARM.Collect$$libinit$$00000027)
    .ARM.Collect$$libinit$$0000002E          0x080001b0   Section        0  libinit2.o(.ARM.Collect$$libinit$$0000002E)
    .ARM.Collect$$libinit$$00000030          0x080001b0   Section        0  libinit2.o(.ARM.Collect$$libinit$$00000030)
    .ARM.Collect$$libinit$$00000032          0x080001b0   Section        0  libinit2.o(.ARM.Collect$$libinit$$00000032)
    .ARM.Collect$$libinit$$00000034          0x080001b0   Section        0  libinit2.o(.ARM.Collect$$libinit$$00000034)
    .ARM.Collect$$libinit$$00000035          0x080001b0   Section        2  libinit2.o(.ARM.Collect$$libinit$$00000035)
    .ARM.Collect$$libshutdown$$00000000      0x080001b2   Section        2  libshutdown.o(.ARM.Collect$$libshutdown$$00000000)
    .ARM.Collect$$libshutdown$$00000002      0x080001b4   Section        0  libshutdown2.o(.ARM.Collect$$libshutdown$$00000002)
    .ARM.Collect$$libshutdown$$00000004      0x080001b4   Section        0  libshutdown2.o(.ARM.Collect$$libshutdown$$00000004)
    .ARM.Collect$$libshutdown$$00000007      0x080001b4   Section        0  libshutdown2.o(.ARM.Collect$$libshutdown$$00000007)
    .ARM.Collect$$libshutdown$$0000000A      0x080001b4   Section        0  libshutdown2.o(.ARM.Collect$$libshutdown$$0000000A)
    .ARM.Collect$$libshutdown$$0000000C      0x080001b4   Section        0  libshutdown2.o(.ARM.Collect$$libshutdown$$0000000C)
    .ARM.Collect$$libshutdown$$0000000F      0x080001b4   Section        0  libshutdown2.o(.ARM.Collect$$libshutdown$$0000000F)
    .ARM.Collect$$libshutdown$$00000010      0x080001b4   Section        2  libshutdown2.o(.ARM.Collect$$libshutdown$$00000010)
    .ARM.Collect$$rtentry$$00000000          0x080001b6   Section        0  __rtentry.o(.ARM.Collect$$rtentry$$00000000)
    .ARM.Collect$$rtentry$$00000002          0x080001b6   Section        0  __rtentry2.o(.ARM.Collect$$rtentry$$00000002)
    .ARM.Collect$$rtentry$$00000004          0x080001b6   Section        6  __rtentry4.o(.ARM.Collect$$rtentry$$00000004)
    .ARM.Collect$$rtentry$$00000009          0x080001bc   Section        0  __rtentry2.o(.ARM.Collect$$rtentry$$00000009)
    .ARM.Collect$$rtentry$$0000000A          0x080001bc   Section        4  __rtentry2.o(.ARM.Collect$$rtentry$$0000000A)
    .ARM.Collect$$rtentry$$0000000C          0x080001c0   Section        0  __rtentry2.o(.ARM.Collect$$rtentry$$0000000C)
    .ARM.Collect$$rtentry$$0000000D          0x080001c0   Section        8  __rtentry2.o(.ARM.Collect$$rtentry$$0000000D)
    .ARM.Collect$$rtexit$$00000000           0x080001c8   Section        2  rtexit.o(.ARM.Collect$$rtexit$$00000000)
    .ARM.Collect$$rtexit$$00000002           0x080001ca   Section        0  rtexit2.o(.ARM.Collect$$rtexit$$00000002)
    .ARM.Collect$$rtexit$$00000003           0x080001ca   Section        4  rtexit2.o(.ARM.Collect$$rtexit$$00000003)
    .ARM.Collect$$rtexit$$00000004           0x080001ce   Section        6  rtexit2.o(.ARM.Collect$$rtexit$$00000004)
    .text                                    0x080001d4   Section       64  startup_stm32f103xe.o(.text)
    .text                                    0x08000214   Section        0  noretval__2sprintf.o(.text)
    .text                                    0x0800023c   Section        0  __printf.o(.text)
    .text                                    0x080002a4   Section        0  _printf_dec.o(.text)
    .text                                    0x0800031c   Section       68  rt_memclr.o(.text)
    .text                                    0x08000360   Section       78  rt_memclr_w.o(.text)
    .text                                    0x080003ae   Section        0  heapauxi.o(.text)
    .text                                    0x080003b4   Section        0  _printf_intcommon.o(.text)
    _printf_input_char                       0x08000469   Thumb Code    10  _printf_char_common.o(.text)
    .text                                    0x08000468   Section        0  _printf_char_common.o(.text)
    .text                                    0x08000498   Section        0  _sputc.o(.text)
    .text                                    0x080004a2   Section       74  sys_stackheap_outer.o(.text)
    .text                                    0x080004ec   Section        0  exit.o(.text)
    .text                                    0x08000500   Section        8  libspace.o(.text)
    .text                                    0x08000508   Section        0  sys_exit.o(.text)
    .text                                    0x08000514   Section        2  use_no_semi.o(.text)
    .text                                    0x08000516   Section        0  indicate_semi.o(.text)
    [Anonymous Symbol]                       0x08000518   Section        0  stm32f1xx_it.o(.text.BusFault_Handler)
    [Anonymous Symbol]                       0x0800051c   Section        0  stm32f1xx_it.o(.text.DebugMon_Handler)
    [Anonymous Symbol]                       0x08000520   Section        0  stm32f1xx_it.o(.text.EXTI2_IRQHandler)
    [Anonymous Symbol]                       0x08000528   Section        0  stm32f1xx_hal.o(.text.HAL_Delay)
    [Anonymous Symbol]                       0x08000550   Section        0  main.o(.text.HAL_GPIO_EXTI_Callback)
    [Anonymous Symbol]                       0x08000578   Section        0  stm32f1xx_hal_gpio.o(.text.HAL_GPIO_EXTI_IRQHandler)
    [Anonymous Symbol]                       0x08000590   Section        0  stm32f1xx_hal_gpio.o(.text.HAL_GPIO_Init)
    [Anonymous Symbol]                       0x0800078c   Section        0  stm32f1xx_hal_gpio.o(.text.HAL_GPIO_WritePin)
    [Anonymous Symbol]                       0x08000798   Section        0  stm32f1xx_hal.o(.text.HAL_GetTick)
    [Anonymous Symbol]                       0x080007a4   Section        0  stm32f1xx_hal_i2c.o(.text.HAL_I2C_Init)
    [Anonymous Symbol]                       0x0800091c   Section        0  stm32f1xx_hal_i2c.o(.text.HAL_I2C_Master_Transmit)
    [Anonymous Symbol]                       0x08000af0   Section        0  stm32f1xx_hal_msp.o(.text.HAL_I2C_MspInit)
    [Anonymous Symbol]                       0x08000b54   Section        0  stm32f1xx_hal.o(.text.HAL_IncTick)
    [Anonymous Symbol]                       0x08000b70   Section        0  stm32f1xx_hal.o(.text.HAL_Init)
    [Anonymous Symbol]                       0x08000b98   Section        0  stm32f1xx_hal.o(.text.HAL_InitTick)
    [Anonymous Symbol]                       0x08000be0   Section        0  stm32f1xx_hal_msp.o(.text.HAL_MspInit)
    [Anonymous Symbol]                       0x08000c24   Section        0  stm32f1xx_hal_cortex.o(.text.HAL_NVIC_EnableIRQ)
    [Anonymous Symbol]                       0x08000c4c   Section        0  stm32f1xx_hal_cortex.o(.text.HAL_NVIC_SetPriority)
    [Anonymous Symbol]                       0x08000ca4   Section        0  stm32f1xx_hal_cortex.o(.text.HAL_NVIC_SetPriorityGrouping)
    [Anonymous Symbol]                       0x08000cc4   Section        0  stm32f1xx_hal_rcc.o(.text.HAL_RCC_ClockConfig)
    [Anonymous Symbol]                       0x08000e84   Section        0  stm32f1xx_hal_rcc.o(.text.HAL_RCC_GetPCLK1Freq)
    [Anonymous Symbol]                       0x08000eac   Section        0  stm32f1xx_hal_rcc.o(.text.HAL_RCC_OscConfig)
    [Anonymous Symbol]                       0x08001260   Section        0  stm32f1xx_hal_cortex.o(.text.HAL_SYSTICK_Config)
    [Anonymous Symbol]                       0x0800128c   Section        0  stm32f1xx_it.o(.text.HardFault_Handler)
    I2C_WaitOnBTFFlagUntilTimeout            0x08001291   Thumb Code   190  stm32f1xx_hal_i2c.o(.text.I2C_WaitOnBTFFlagUntilTimeout)
    [Anonymous Symbol]                       0x08001290   Section        0  stm32f1xx_hal_i2c.o(.text.I2C_WaitOnBTFFlagUntilTimeout)
    I2C_WaitOnFlagUntilTimeout               0x08001351   Thumb Code   466  stm32f1xx_hal_i2c.o(.text.I2C_WaitOnFlagUntilTimeout)
    [Anonymous Symbol]                       0x08001350   Section        0  stm32f1xx_hal_i2c.o(.text.I2C_WaitOnFlagUntilTimeout)
    I2C_WaitOnMasterAddressFlagUntilTimeout  0x08001525   Thumb Code   224  stm32f1xx_hal_i2c.o(.text.I2C_WaitOnMasterAddressFlagUntilTimeout)
    [Anonymous Symbol]                       0x08001524   Section        0  stm32f1xx_hal_i2c.o(.text.I2C_WaitOnMasterAddressFlagUntilTimeout)
    I2C_WaitOnTXEFlagUntilTimeout            0x08001605   Thumb Code   190  stm32f1xx_hal_i2c.o(.text.I2C_WaitOnTXEFlagUntilTimeout)
    [Anonymous Symbol]                       0x08001604   Section        0  stm32f1xx_hal_i2c.o(.text.I2C_WaitOnTXEFlagUntilTimeout)
    [Anonymous Symbol]                       0x080016c4   Section        0  stm32f1xx_it.o(.text.MemManage_Handler)
    [Anonymous Symbol]                       0x080016c8   Section        0  stm32f1xx_it.o(.text.NMI_Handler)
    [Anonymous Symbol]                       0x080016cc   Section        0  stm32f1xx_it.o(.text.PendSV_Handler)
    [Anonymous Symbol]                       0x080016d0   Section        0  stm32f1xx_it.o(.text.SVC_Handler)
    [Anonymous Symbol]                       0x080016d4   Section        0  stm32f1xx_it.o(.text.SysTick_Handler)
    [Anonymous Symbol]                       0x080016d8   Section        0  system_stm32f1xx.o(.text.SystemInit)
    [Anonymous Symbol]                       0x080016dc   Section        0  stm32f1xx_it.o(.text.UsageFault_Handler)
    [Anonymous Symbol]                       0x080016e0   Section        0  led.o(.text.led_switch)
    [Anonymous Symbol]                       0x080016f0   Section        0  main.o(.text.main)
    [Anonymous Symbol]                       0x080018d8   Section        0  u8g2_buffer.o(.text.u8g2_ClearBuffer)
    [Anonymous Symbol]                       0x080018f0   Section        0  u8g2_hvline.o(.text.u8g2_DrawHVLine)
    [Anonymous Symbol]                       0x080019f8   Section        0  u8g2_font.o(.text.u8g2_DrawStr)
    [Anonymous Symbol]                       0x08001a08   Section        0  u8g2_bitmap.o(.text.u8g2_DrawXBM)
    [Anonymous Symbol]                       0x08001b2c   Section        0  u8g2_intersection.o(.text.u8g2_IsIntersection)
    [Anonymous Symbol]                       0x08001b94   Section        0  u8g2_buffer.o(.text.u8g2_SendBuffer)
    [Anonymous Symbol]                       0x08001ba8   Section        0  u8g2_font.o(.text.u8g2_SetFont)
    [Anonymous Symbol]                       0x08001c94   Section        0  u8g2_font.o(.text.u8g2_SetFontPosBaseline)
    [Anonymous Symbol]                       0x08001ca0   Section        0  u8g2_setup.o(.text.u8g2_SetupBuffer)
    [Anonymous Symbol]                       0x08001cf0   Section        0  u8g2_d_setup.o(.text.u8g2_Setup_ssd1306_i2c_128x64_noname_f)
    [Anonymous Symbol]                       0x08001d38   Section        0  u8g2_font.o(.text.u8g2_add_vector_x)
    [Anonymous Symbol]                       0x08001d5c   Section        0  u8g2_font.o(.text.u8g2_add_vector_y)
    [Anonymous Symbol]                       0x08001d80   Section        0  u8g2_hvline.o(.text.u8g2_draw_hv_line_2dir)
    [Anonymous Symbol]                       0x08001da0   Section        0  u8g2_setup.o(.text.u8g2_draw_l90_r0)
    u8g2_draw_string                         0x08001db5   Thumb Code   238  u8g2_font.o(.text.u8g2_draw_string)
    [Anonymous Symbol]                       0x08001db4   Section        0  u8g2_font.o(.text.u8g2_draw_string)
    [Anonymous Symbol]                       0x08001ea4   Section        0  u8g2_font.o(.text.u8g2_font_calc_vref_font)
    [Anonymous Symbol]                       0x08001ea8   Section        0  u8g2_font.o(.text.u8g2_font_decode_glyph)
    [Anonymous Symbol]                       0x08002330   Section        0  u8g2_font.o(.text.u8g2_font_get_glyph_data)
    u8g2_font_get_word                       0x080023fd   Thumb Code     8  u8g2_font.o(.text.u8g2_font_get_word)
    [Anonymous Symbol]                       0x080023fc   Section        0  u8g2_font.o(.text.u8g2_font_get_word)
    [Anonymous Symbol]                       0x08002404   Section        0  stm32_hal_hw_i2c_u8g2.o(.text.u8g2_init)
    [Anonymous Symbol]                       0x08002490   Section        0  u8g2_ll_hvline.o(.text.u8g2_ll_hvline_vertical_top_lsb)
    [Anonymous Symbol]                       0x08002708   Section        0  u8g2_d_memory.o(.text.u8g2_m_16_8_f)
    u8g2_send_buffer                         0x08002719   Thumb Code    88  u8g2_buffer.o(.text.u8g2_send_buffer)
    [Anonymous Symbol]                       0x08002718   Section        0  u8g2_buffer.o(.text.u8g2_send_buffer)
    [Anonymous Symbol]                       0x08002770   Section        0  u8g2_setup.o(.text.u8g2_update_dimension_r0)
    [Anonymous Symbol]                       0x080027b0   Section        0  u8g2_setup.o(.text.u8g2_update_page_win_r0)
    [Anonymous Symbol]                       0x08002834   Section        0  u8x8_display.o(.text.u8x8_DrawTile)
    [Anonymous Symbol]                       0x0800285c   Section        0  u8x8_display.o(.text.u8x8_InitDisplay)
    [Anonymous Symbol]                       0x08002868   Section        0  u8x8_display.o(.text.u8x8_RefreshDisplay)
    [Anonymous Symbol]                       0x08002874   Section        0  u8x8_display.o(.text.u8x8_SetPowerSave)
    [Anonymous Symbol]                       0x08002880   Section        0  u8x8_setup.o(.text.u8x8_Setup)
    [Anonymous Symbol]                       0x080028b0   Section        0  u8x8_display.o(.text.u8x8_SetupMemory)
    [Anonymous Symbol]                       0x080028bc   Section        0  u8x8_8x8.o(.text.u8x8_ascii_next)
    [Anonymous Symbol]                       0x080028d0   Section        0  u8x8_byte.o(.text.u8x8_byte_EndTransfer)
    [Anonymous Symbol]                       0x080028dc   Section        0  u8x8_byte.o(.text.u8x8_byte_SendByte)
    [Anonymous Symbol]                       0x080028f4   Section        0  u8x8_byte.o(.text.u8x8_byte_SendBytes)
    [Anonymous Symbol]                       0x08002900   Section        0  u8x8_byte.o(.text.u8x8_byte_StartTransfer)
    [Anonymous Symbol]                       0x0800290c   Section        0  stm32_hal_hw_i2c_u8g2.o(.text.u8x8_byte_hw_i2c)
    [Anonymous Symbol]                       0x080029e8   Section        0  u8x8_cad.o(.text.u8x8_cad_EndTransfer)
    [Anonymous Symbol]                       0x080029f4   Section        0  u8x8_cad.o(.text.u8x8_cad_SendArg)
    [Anonymous Symbol]                       0x08002a00   Section        0  u8x8_cad.o(.text.u8x8_cad_SendCmd)
    [Anonymous Symbol]                       0x08002a0c   Section        0  u8x8_cad.o(.text.u8x8_cad_SendData)
    [Anonymous Symbol]                       0x08002a18   Section        0  u8x8_cad.o(.text.u8x8_cad_SendSequence)
    [Anonymous Symbol]                       0x08002a94   Section        0  u8x8_cad.o(.text.u8x8_cad_StartTransfer)
    [Anonymous Symbol]                       0x08002aa0   Section        0  u8x8_cad.o(.text.u8x8_cad_ssd13xx_fast_i2c)
    [Anonymous Symbol]                       0x08002c68   Section        0  u8x8_display.o(.text.u8x8_d_helper_display_init)
    [Anonymous Symbol]                       0x08002ccc   Section        0  u8x8_display.o(.text.u8x8_d_helper_display_setup_memory)
    [Anonymous Symbol]                       0x08002cd8   Section        0  u8x8_d_ssd1306_128x64_noname.o(.text.u8x8_d_ssd1306_128x64_noname)
    u8x8_d_ssd1306_sh1106_generic            0x08002d21   Thumb Code   260  u8x8_d_ssd1306_128x64_noname.o(.text.u8x8_d_ssd1306_sh1106_generic)
    [Anonymous Symbol]                       0x08002d20   Section        0  u8x8_d_ssd1306_128x64_noname.o(.text.u8x8_d_ssd1306_sh1106_generic)
    [Anonymous Symbol]                       0x08002e24   Section        0  stm32_hal_hw_i2c_u8g2.o(.text.u8x8_gpio_and_delay)
    [Anonymous Symbol]                       0x08002e28   Section        0  u8x8_gpio.o(.text.u8x8_gpio_call)
    u8x8_i2c_data_transfer                   0x08002e31   Thumb Code    46  u8x8_cad.o(.text.u8x8_i2c_data_transfer)
    [Anonymous Symbol]                       0x08002e30   Section        0  u8x8_cad.o(.text.u8x8_i2c_data_transfer)
    [Anonymous Symbol]                       0x08002e60   Section        0  u8x8_8x8.o(.text.u8x8_utf8_init)
    HAL_RCC_GetSysClockFreq.aPredivFactorTable 0x08002e80   Data           2  stm32f1xx_hal_rcc.o(.rodata.HAL_RCC_GetSysClockFreq.aPredivFactorTable)
    [Anonymous Symbol]                       0x08002e80   Section        0  stm32f1xx_hal_rcc.o(.rodata.HAL_RCC_GetSysClockFreq.aPredivFactorTable)
    HAL_RCC_GetSysClockFreq.aPLLMULFactorTable 0x08002e82   Data          16  stm32f1xx_hal_rcc.o(.rodata.cst16)
    [Anonymous Symbol]                       0x08002e82   Section        0  stm32f1xx_hal_rcc.o(.rodata.cst16)
    u8x8_d_ssd1306_128x64_noname_flip0_seq   0x08003fc9   Data           7  u8x8_d_ssd1306_128x64_noname.o(.rodata.u8x8_d_ssd1306_128x64_noname_flip0_seq)
    [Anonymous Symbol]                       0x08003fc9   Section        0  u8x8_d_ssd1306_128x64_noname.o(.rodata.u8x8_d_ssd1306_128x64_noname_flip0_seq)
    u8x8_d_ssd1306_128x64_noname_flip1_seq   0x08003fd0   Data           7  u8x8_d_ssd1306_128x64_noname.o(.rodata.u8x8_d_ssd1306_128x64_noname_flip1_seq)
    [Anonymous Symbol]                       0x08003fd0   Section        0  u8x8_d_ssd1306_128x64_noname.o(.rodata.u8x8_d_ssd1306_128x64_noname_flip1_seq)
    u8x8_d_ssd1306_128x64_noname_init_seq    0x08003fd7   Data          53  u8x8_d_ssd1306_128x64_noname.o(.rodata.u8x8_d_ssd1306_128x64_noname_init_seq)
    [Anonymous Symbol]                       0x08003fd7   Section        0  u8x8_d_ssd1306_128x64_noname.o(.rodata.u8x8_d_ssd1306_128x64_noname_init_seq)
    u8x8_d_ssd1306_128x64_noname_powersave0_seq 0x0800400c   Data           5  u8x8_d_ssd1306_128x64_noname.o(.rodata.u8x8_d_ssd1306_128x64_noname_powersave0_seq)
    [Anonymous Symbol]                       0x0800400c   Section        0  u8x8_d_ssd1306_128x64_noname.o(.rodata.u8x8_d_ssd1306_128x64_noname_powersave0_seq)
    u8x8_d_ssd1306_128x64_noname_powersave1_seq 0x08004011   Data           5  u8x8_d_ssd1306_128x64_noname.o(.rodata.u8x8_d_ssd1306_128x64_noname_powersave1_seq)
    [Anonymous Symbol]                       0x08004011   Section        0  u8x8_d_ssd1306_128x64_noname.o(.rodata.u8x8_d_ssd1306_128x64_noname_powersave1_seq)
    u8x8_ssd1306_128x64_noname_display_info  0x08004018   Data          24  u8x8_d_ssd1306_128x64_noname.o(.rodata.u8x8_ssd1306_128x64_noname_display_info)
    [Anonymous Symbol]                       0x08004018   Section        0  u8x8_d_ssd1306_128x64_noname.o(.rodata.u8x8_ssd1306_128x64_noname_display_info)
    xbm_kk0_f0                               0x08004030   Data        1024  main.o(.rodata.xbm_kk0_f0)
    [Anonymous Symbol]                       0x08004030   Section        0  main.o(.rodata.xbm_kk0_f0)
    xbm_kk0_f1                               0x08004430   Data        1024  main.o(.rodata.xbm_kk0_f1)
    [Anonymous Symbol]                       0x08004430   Section        0  main.o(.rodata.xbm_kk0_f1)
    xbm_kk0_f10                              0x08004830   Data        1024  main.o(.rodata.xbm_kk0_f10)
    [Anonymous Symbol]                       0x08004830   Section        0  main.o(.rodata.xbm_kk0_f10)
    xbm_kk0_f11                              0x08004c30   Data        1024  main.o(.rodata.xbm_kk0_f11)
    [Anonymous Symbol]                       0x08004c30   Section        0  main.o(.rodata.xbm_kk0_f11)
    xbm_kk0_f12                              0x08005030   Data        1024  main.o(.rodata.xbm_kk0_f12)
    [Anonymous Symbol]                       0x08005030   Section        0  main.o(.rodata.xbm_kk0_f12)
    xbm_kk0_f13                              0x08005430   Data        1024  main.o(.rodata.xbm_kk0_f13)
    [Anonymous Symbol]                       0x08005430   Section        0  main.o(.rodata.xbm_kk0_f13)
    xbm_kk0_f14                              0x08005830   Data        1024  main.o(.rodata.xbm_kk0_f14)
    [Anonymous Symbol]                       0x08005830   Section        0  main.o(.rodata.xbm_kk0_f14)
    xbm_kk0_f15                              0x08005c30   Data        1024  main.o(.rodata.xbm_kk0_f15)
    [Anonymous Symbol]                       0x08005c30   Section        0  main.o(.rodata.xbm_kk0_f15)
    xbm_kk0_f16                              0x08006030   Data        1024  main.o(.rodata.xbm_kk0_f16)
    [Anonymous Symbol]                       0x08006030   Section        0  main.o(.rodata.xbm_kk0_f16)
    xbm_kk0_f17                              0x08006430   Data        1024  main.o(.rodata.xbm_kk0_f17)
    [Anonymous Symbol]                       0x08006430   Section        0  main.o(.rodata.xbm_kk0_f17)
    xbm_kk0_f18                              0x08006830   Data        1024  main.o(.rodata.xbm_kk0_f18)
    [Anonymous Symbol]                       0x08006830   Section        0  main.o(.rodata.xbm_kk0_f18)
    xbm_kk0_f2                               0x08006c30   Data        1024  main.o(.rodata.xbm_kk0_f2)
    [Anonymous Symbol]                       0x08006c30   Section        0  main.o(.rodata.xbm_kk0_f2)
    xbm_kk0_f3                               0x08007030   Data        1024  main.o(.rodata.xbm_kk0_f3)
    [Anonymous Symbol]                       0x08007030   Section        0  main.o(.rodata.xbm_kk0_f3)
    xbm_kk0_f4                               0x08007430   Data        1024  main.o(.rodata.xbm_kk0_f4)
    [Anonymous Symbol]                       0x08007430   Section        0  main.o(.rodata.xbm_kk0_f4)
    xbm_kk0_f5                               0x08007830   Data        1024  main.o(.rodata.xbm_kk0_f5)
    [Anonymous Symbol]                       0x08007830   Section        0  main.o(.rodata.xbm_kk0_f5)
    xbm_kk0_f6                               0x08007c30   Data        1024  main.o(.rodata.xbm_kk0_f6)
    [Anonymous Symbol]                       0x08007c30   Section        0  main.o(.rodata.xbm_kk0_f6)
    xbm_kk0_f7                               0x08008030   Data        1024  main.o(.rodata.xbm_kk0_f7)
    [Anonymous Symbol]                       0x08008030   Section        0  main.o(.rodata.xbm_kk0_f7)
    xbm_kk0_f8                               0x08008430   Data        1024  main.o(.rodata.xbm_kk0_f8)
    [Anonymous Symbol]                       0x08008430   Section        0  main.o(.rodata.xbm_kk0_f8)
    xbm_kk0_f9                               0x08008830   Data        1024  main.o(.rodata.xbm_kk0_f9)
    [Anonymous Symbol]                       0x08008830   Section        0  main.o(.rodata.xbm_kk0_f9)
    .L_MergedGlobals                         0x20000000   Data          84  main.o(.data..L_MergedGlobals)
    [Anonymous Symbol]                       0x20000000   Section        0  main.o(.data..L_MergedGlobals)
    .L_MergedGlobals                         0x20000054   Data           8  stm32f1xx_hal.o(.data..L_MergedGlobals)
    [Anonymous Symbol]                       0x20000054   Section        0  stm32f1xx_hal.o(.data..L_MergedGlobals)
    .bss                                     0x20000060   Section       96  libspace.o(.bss)
    .L_MergedGlobals                         0x200000c0   Data          40  stm32_hal_hw_i2c_u8g2.o(.bss..L_MergedGlobals)
    u8x8_byte_hw_i2c.buf_idx                 0x200000c0   Data           1  stm32_hal_hw_i2c_u8g2.o(.bss..L_MergedGlobals)
    [Anonymous Symbol]                       0x200000c0   Section        0  stm32_hal_hw_i2c_u8g2.o(.bss..L_MergedGlobals)
    addrx                                    0x200000c1   Data           1  stm32_hal_hw_i2c_u8g2.o(.bss..L_MergedGlobals)
    hi2cx                                    0x200000c4   Data           4  stm32_hal_hw_i2c_u8g2.o(.bss..L_MergedGlobals)
    u8x8_byte_hw_i2c.buffer                  0x200000c8   Data          32  stm32_hal_hw_i2c_u8g2.o(.bss..L_MergedGlobals)
    .L_MergedGlobals.1                       0x200000e8   Data         124  main.o(.bss..L_MergedGlobals.1)
    [Anonymous Symbol]                       0x200000e8   Section        0  main.o(.bss..L_MergedGlobals.1)
    u8g2_m_16_8_f.buf                        0x200001fc   Data        1024  u8g2_d_memory.o(.bss.u8g2_m_16_8_f.buf)
    [Anonymous Symbol]                       0x200001fc   Section        0  u8g2_d_memory.o(.bss.u8g2_m_16_8_f.buf)
    u8x8_cad_ssd13xx_fast_i2c.in_transfer    0x200005fc   Data           1  u8x8_cad.o(.bss.u8x8_cad_ssd13xx_fast_i2c.in_transfer)
    [Anonymous Symbol]                       0x200005fc   Section        0  u8x8_cad.o(.bss.u8x8_cad_ssd13xx_fast_i2c.in_transfer)
    Heap_Mem                                 0x20000608   Data         512  startup_stm32f103xe.o(HEAP)
    HEAP                                     0x20000608   Section      512  startup_stm32f103xe.o(HEAP)
    Stack_Mem                                0x20000808   Data        1024  startup_stm32f103xe.o(STACK)
    STACK                                    0x20000808   Section     1024  startup_stm32f103xe.o(STACK)
    __initial_sp                             0x20000c08   Data           0  startup_stm32f103xe.o(STACK)

    Global Symbols

    Symbol Name                              Value     Ov Type        Size  Object(Section)

    BuildAttributes$$THM_ISAv4$P$D$K$B$S$PE$A:L22UL41UL21$X:L11$S22US41US21$IEEE1$IW$~IW$USESV6$~STKCKD$USESV7$~SHL$OTIME$ROPI$EBA8$UX$STANDARDLIB$REQ8$PRES8$EABIv2 0x00000000   Number         0  anon$$obj.o ABSOLUTE
    __fp_init_empty                          0x00000000   Number         0  fpinit_empty.o ABSOLUTE
    __ARM_exceptions_init                     - Undefined Weak Reference
    __alloca_initialize                       - Undefined Weak Reference
    __arm_preinit_                            - Undefined Weak Reference
    __arm_relocate_pie_                       - Undefined Weak Reference
    __cpp_initialize__aeabi_                  - Undefined Weak Reference
    __cxa_finalize                            - Undefined Weak Reference
    __rt_locale                               - Undefined Weak Reference
    __sigvec_lookup                           - Undefined Weak Reference
    _atexit_init                              - Undefined Weak Reference
    _call_atexit_fns                          - Undefined Weak Reference
    _clock_init                               - Undefined Weak Reference
    _fp_trap_init                             - Undefined Weak Reference
    _fp_trap_shutdown                         - Undefined Weak Reference
    _get_lc_collate                           - Undefined Weak Reference
    _get_lc_ctype                             - Undefined Weak Reference
    _get_lc_monetary                          - Undefined Weak Reference
    _get_lc_numeric                           - Undefined Weak Reference
    _get_lc_time                              - Undefined Weak Reference
    _getenv_init                              - Undefined Weak Reference
    _handle_redirection                       - Undefined Weak Reference
    _init_alloc                               - Undefined Weak Reference
    _init_user_alloc                          - Undefined Weak Reference
    _initio                                   - Undefined Weak Reference
    _printf_post_padding                      - Undefined Weak Reference
    _printf_pre_padding                       - Undefined Weak Reference
    _printf_truncate_signed                   - Undefined Weak Reference
    _printf_truncate_unsigned                 - Undefined Weak Reference
    _rand_init                                - Undefined Weak Reference
    _signal_finish                            - Undefined Weak Reference
    _signal_init                              - Undefined Weak Reference
    _terminate_alloc                          - Undefined Weak Reference
    _terminate_user_alloc                     - Undefined Weak Reference
    _terminateio                              - Undefined Weak Reference
    __Vectors_Size                           0x00000130   Number         0  startup_stm32f103xe.o ABSOLUTE
    __Vectors                                0x08000000   Data           4  startup_stm32f103xe.o(RESET)
    __Vectors_End                            0x08000130   Data           0  startup_stm32f103xe.o(RESET)
    __main                                   0x08000131   Thumb Code     8  __main.o(!!!main)
    __scatterload                            0x08000139   Thumb Code     0  __scatter.o(!!!scatter)
    __scatterload_rt2                        0x08000139   Thumb Code    44  __scatter.o(!!!scatter)
    __scatterload_rt2_thumb_only             0x08000139   Thumb Code     0  __scatter.o(!!!scatter)
    __scatterload_null                       0x08000147   Thumb Code     0  __scatter.o(!!!scatter)
    __scatterload_copy                       0x0800016d   Thumb Code    26  __scatter_copy.o(!!handler_copy)
    __scatterload_zeroinit                   0x08000189   Thumb Code    28  __scatter_zi.o(!!handler_zi)
    _printf_d                                0x080001a5   Thumb Code     0  _printf_d.o(.ARM.Collect$$_printf_percent$$00000009)
    _printf_percent                          0x080001a5   Thumb Code     0  _printf_percent.o(.ARM.Collect$$_printf_percent$$00000000)
    _printf_percent_end                      0x080001ab   Thumb Code     0  _printf_percent_end.o(.ARM.Collect$$_printf_percent$$00000017)
    __rt_lib_init                            0x080001af   Thumb Code     0  libinit.o(.ARM.Collect$$libinit$$00000000)
    __rt_lib_init_alloca_1                   0x080001b1   Thumb Code     0  libinit2.o(.ARM.Collect$$libinit$$00000030)
    __rt_lib_init_argv_1                     0x080001b1   Thumb Code     0  libinit2.o(.ARM.Collect$$libinit$$0000002E)
    __rt_lib_init_atexit_1                   0x080001b1   Thumb Code     0  libinit2.o(.ARM.Collect$$libinit$$0000001D)
    __rt_lib_init_clock_1                    0x080001b1   Thumb Code     0  libinit2.o(.ARM.Collect$$libinit$$00000023)
    __rt_lib_init_cpp_1                      0x080001b1   Thumb Code     0  libinit2.o(.ARM.Collect$$libinit$$00000034)
    __rt_lib_init_exceptions_1               0x080001b1   Thumb Code     0  libinit2.o(.ARM.Collect$$libinit$$00000032)
    __rt_lib_init_fp_1                       0x080001b1   Thumb Code     0  libinit2.o(.ARM.Collect$$libinit$$00000002)
    __rt_lib_init_fp_trap_1                  0x080001b1   Thumb Code     0  libinit2.o(.ARM.Collect$$libinit$$00000021)
    __rt_lib_init_getenv_1                   0x080001b1   Thumb Code     0  libinit2.o(.ARM.Collect$$libinit$$00000025)
    __rt_lib_init_heap_1                     0x080001b1   Thumb Code     0  libinit2.o(.ARM.Collect$$libinit$$0000000C)
    __rt_lib_init_lc_collate_1               0x080001b1   Thumb Code     0  libinit2.o(.ARM.Collect$$libinit$$00000013)
    __rt_lib_init_lc_ctype_1                 0x080001b1   Thumb Code     0  libinit2.o(.ARM.Collect$$libinit$$00000015)
    __rt_lib_init_lc_monetary_1              0x080001b1   Thumb Code     0  libinit2.o(.ARM.Collect$$libinit$$00000017)
    __rt_lib_init_lc_numeric_1               0x080001b1   Thumb Code     0  libinit2.o(.ARM.Collect$$libinit$$00000019)
    __rt_lib_init_lc_time_1                  0x080001b1   Thumb Code     0  libinit2.o(.ARM.Collect$$libinit$$0000001B)
    __rt_lib_init_preinit_1                  0x080001b1   Thumb Code     0  libinit2.o(.ARM.Collect$$libinit$$00000006)
    __rt_lib_init_rand_1                     0x080001b1   Thumb Code     0  libinit2.o(.ARM.Collect$$libinit$$00000010)
    __rt_lib_init_relocate_pie_1             0x080001b1   Thumb Code     0  libinit2.o(.ARM.Collect$$libinit$$00000004)
    __rt_lib_init_return                     0x080001b1   Thumb Code     0  libinit2.o(.ARM.Collect$$libinit$$00000035)
    __rt_lib_init_signal_1                   0x080001b1   Thumb Code     0  libinit2.o(.ARM.Collect$$libinit$$0000001F)
    __rt_lib_init_stdio_1                    0x080001b1   Thumb Code     0  libinit2.o(.ARM.Collect$$libinit$$00000027)
    __rt_lib_init_user_alloc_1               0x080001b1   Thumb Code     0  libinit2.o(.ARM.Collect$$libinit$$0000000E)
    __rt_lib_shutdown                        0x080001b3   Thumb Code     0  libshutdown.o(.ARM.Collect$$libshutdown$$00000000)
    __rt_lib_shutdown_cpp_1                  0x080001b5   Thumb Code     0  libshutdown2.o(.ARM.Collect$$libshutdown$$00000002)
    __rt_lib_shutdown_fp_trap_1              0x080001b5   Thumb Code     0  libshutdown2.o(.ARM.Collect$$libshutdown$$00000007)
    __rt_lib_shutdown_heap_1                 0x080001b5   Thumb Code     0  libshutdown2.o(.ARM.Collect$$libshutdown$$0000000F)
    __rt_lib_shutdown_return                 0x080001b5   Thumb Code     0  libshutdown2.o(.ARM.Collect$$libshutdown$$00000010)
    __rt_lib_shutdown_signal_1               0x080001b5   Thumb Code     0  libshutdown2.o(.ARM.Collect$$libshutdown$$0000000A)
    __rt_lib_shutdown_stdio_1                0x080001b5   Thumb Code     0  libshutdown2.o(.ARM.Collect$$libshutdown$$00000004)
    __rt_lib_shutdown_user_alloc_1           0x080001b5   Thumb Code     0  libshutdown2.o(.ARM.Collect$$libshutdown$$0000000C)
    __rt_entry                               0x080001b7   Thumb Code     0  __rtentry.o(.ARM.Collect$$rtentry$$00000000)
    __rt_entry_presh_1                       0x080001b7   Thumb Code     0  __rtentry2.o(.ARM.Collect$$rtentry$$00000002)
    __rt_entry_sh                            0x080001b7   Thumb Code     0  __rtentry4.o(.ARM.Collect$$rtentry$$00000004)
    __rt_entry_li                            0x080001bd   Thumb Code     0  __rtentry2.o(.ARM.Collect$$rtentry$$0000000A)
    __rt_entry_postsh_1                      0x080001bd   Thumb Code     0  __rtentry2.o(.ARM.Collect$$rtentry$$00000009)
    __rt_entry_main                          0x080001c1   Thumb Code     0  __rtentry2.o(.ARM.Collect$$rtentry$$0000000D)
    __rt_entry_postli_1                      0x080001c1   Thumb Code     0  __rtentry2.o(.ARM.Collect$$rtentry$$0000000C)
    __rt_exit                                0x080001c9   Thumb Code     0  rtexit.o(.ARM.Collect$$rtexit$$00000000)
    __rt_exit_ls                             0x080001cb   Thumb Code     0  rtexit2.o(.ARM.Collect$$rtexit$$00000003)
    __rt_exit_prels_1                        0x080001cb   Thumb Code     0  rtexit2.o(.ARM.Collect$$rtexit$$00000002)
    __rt_exit_exit                           0x080001cf   Thumb Code     0  rtexit2.o(.ARM.Collect$$rtexit$$00000004)
    Reset_Handler                            0x080001d5   Thumb Code     8  startup_stm32f103xe.o(.text)
    ADC1_2_IRQHandler                        0x080001ef   Thumb Code     0  startup_stm32f103xe.o(.text)
    ADC3_IRQHandler                          0x080001ef   Thumb Code     0  startup_stm32f103xe.o(.text)
    CAN1_RX1_IRQHandler                      0x080001ef   Thumb Code     0  startup_stm32f103xe.o(.text)
    CAN1_SCE_IRQHandler                      0x080001ef   Thumb Code     0  startup_stm32f103xe.o(.text)
    DMA1_Channel1_IRQHandler                 0x080001ef   Thumb Code     0  startup_stm32f103xe.o(.text)
    DMA1_Channel2_IRQHandler                 0x080001ef   Thumb Code     0  startup_stm32f103xe.o(.text)
    DMA1_Channel3_IRQHandler                 0x080001ef   Thumb Code     0  startup_stm32f103xe.o(.text)
    DMA1_Channel4_IRQHandler                 0x080001ef   Thumb Code     0  startup_stm32f103xe.o(.text)
    DMA1_Channel5_IRQHandler                 0x080001ef   Thumb Code     0  startup_stm32f103xe.o(.text)
    DMA1_Channel6_IRQHandler                 0x080001ef   Thumb Code     0  startup_stm32f103xe.o(.text)
    DMA1_Channel7_IRQHandler                 0x080001ef   Thumb Code     0  startup_stm32f103xe.o(.text)
    DMA2_Channel1_IRQHandler                 0x080001ef   Thumb Code     0  startup_stm32f103xe.o(.text)
    DMA2_Channel2_IRQHandler                 0x080001ef   Thumb Code     0  startup_stm32f103xe.o(.text)
    DMA2_Channel3_IRQHandler                 0x080001ef   Thumb Code     0  startup_stm32f103xe.o(.text)
    DMA2_Channel4_5_IRQHandler               0x080001ef   Thumb Code     0  startup_stm32f103xe.o(.text)
    EXTI0_IRQHandler                         0x080001ef   Thumb Code     0  startup_stm32f103xe.o(.text)
    EXTI15_10_IRQHandler                     0x080001ef   Thumb Code     0  startup_stm32f103xe.o(.text)
    EXTI1_IRQHandler                         0x080001ef   Thumb Code     0  startup_stm32f103xe.o(.text)
    EXTI3_IRQHandler                         0x080001ef   Thumb Code     0  startup_stm32f103xe.o(.text)
    EXTI4_IRQHandler                         0x080001ef   Thumb Code     0  startup_stm32f103xe.o(.text)
    EXTI9_5_IRQHandler                       0x080001ef   Thumb Code     0  startup_stm32f103xe.o(.text)
    FLASH_IRQHandler                         0x080001ef   Thumb Code     0  startup_stm32f103xe.o(.text)
    FSMC_IRQHandler                          0x080001ef   Thumb Code     0  startup_stm32f103xe.o(.text)
    I2C1_ER_IRQHandler                       0x080001ef   Thumb Code     0  startup_stm32f103xe.o(.text)
    I2C1_EV_IRQHandler                       0x080001ef   Thumb Code     0  startup_stm32f103xe.o(.text)
    I2C2_ER_IRQHandler                       0x080001ef   Thumb Code     0  startup_stm32f103xe.o(.text)
    I2C2_EV_IRQHandler                       0x080001ef   Thumb Code     0  startup_stm32f103xe.o(.text)
    PVD_IRQHandler                           0x080001ef   Thumb Code     0  startup_stm32f103xe.o(.text)
    RCC_IRQHandler                           0x080001ef   Thumb Code     0  startup_stm32f103xe.o(.text)
    RTC_Alarm_IRQHandler                     0x080001ef   Thumb Code     0  startup_stm32f103xe.o(.text)
    RTC_IRQHandler                           0x080001ef   Thumb Code     0  startup_stm32f103xe.o(.text)
    SDIO_IRQHandler                          0x080001ef   Thumb Code     0  startup_stm32f103xe.o(.text)
    SPI1_IRQHandler                          0x080001ef   Thumb Code     0  startup_stm32f103xe.o(.text)
    SPI2_IRQHandler                          0x080001ef   Thumb Code     0  startup_stm32f103xe.o(.text)
    SPI3_IRQHandler                          0x080001ef   Thumb Code     0  startup_stm32f103xe.o(.text)
    TAMPER_IRQHandler                        0x080001ef   Thumb Code     0  startup_stm32f103xe.o(.text)
    TIM1_BRK_IRQHandler                      0x080001ef   Thumb Code     0  startup_stm32f103xe.o(.text)
    TIM1_CC_IRQHandler                       0x080001ef   Thumb Code     0  startup_stm32f103xe.o(.text)
    TIM1_TRG_COM_IRQHandler                  0x080001ef   Thumb Code     0  startup_stm32f103xe.o(.text)
    TIM1_UP_IRQHandler                       0x080001ef   Thumb Code     0  startup_stm32f103xe.o(.text)
    TIM2_IRQHandler                          0x080001ef   Thumb Code     0  startup_stm32f103xe.o(.text)
    TIM3_IRQHandler                          0x080001ef   Thumb Code     0  startup_stm32f103xe.o(.text)
    TIM4_IRQHandler                          0x080001ef   Thumb Code     0  startup_stm32f103xe.o(.text)
    TIM5_IRQHandler                          0x080001ef   Thumb Code     0  startup_stm32f103xe.o(.text)
    TIM6_IRQHandler                          0x080001ef   Thumb Code     0  startup_stm32f103xe.o(.text)
    TIM7_IRQHandler                          0x080001ef   Thumb Code     0  startup_stm32f103xe.o(.text)
    TIM8_BRK_IRQHandler                      0x080001ef   Thumb Code     0  startup_stm32f103xe.o(.text)
    TIM8_CC_IRQHandler                       0x080001ef   Thumb Code     0  startup_stm32f103xe.o(.text)
    TIM8_TRG_COM_IRQHandler                  0x080001ef   Thumb Code     0  startup_stm32f103xe.o(.text)
    TIM8_UP_IRQHandler                       0x080001ef   Thumb Code     0  startup_stm32f103xe.o(.text)
    UART4_IRQHandler                         0x080001ef   Thumb Code     0  startup_stm32f103xe.o(.text)
    UART5_IRQHandler                         0x080001ef   Thumb Code     0  startup_stm32f103xe.o(.text)
    USART1_IRQHandler                        0x080001ef   Thumb Code     0  startup_stm32f103xe.o(.text)
    USART2_IRQHandler                        0x080001ef   Thumb Code     0  startup_stm32f103xe.o(.text)
    USART3_IRQHandler                        0x080001ef   Thumb Code     0  startup_stm32f103xe.o(.text)
    USBWakeUp_IRQHandler                     0x080001ef   Thumb Code     0  startup_stm32f103xe.o(.text)
    USB_HP_CAN1_TX_IRQHandler                0x080001ef   Thumb Code     0  startup_stm32f103xe.o(.text)
    USB_LP_CAN1_RX0_IRQHandler               0x080001ef   Thumb Code     0  startup_stm32f103xe.o(.text)
    WWDG_IRQHandler                          0x080001ef   Thumb Code     0  startup_stm32f103xe.o(.text)
    __user_initial_stackheap                 0x080001f1   Thumb Code     0  startup_stm32f103xe.o(.text)
    __2sprintf                               0x08000215   Thumb Code    34  noretval__2sprintf.o(.text)
    __printf                                 0x0800023d   Thumb Code   104  __printf.o(.text)
    _printf_int_dec                          0x080002a5   Thumb Code   104  _printf_dec.o(.text)
    __aeabi_memclr                           0x0800031d   Thumb Code     0  rt_memclr.o(.text)
    __rt_memclr                              0x0800031d   Thumb Code     0  rt_memclr.o(.text)
    _memset                                  0x08000321   Thumb Code    64  rt_memclr.o(.text)
    __aeabi_memclr4                          0x08000361   Thumb Code     0  rt_memclr_w.o(.text)
    __aeabi_memclr8                          0x08000361   Thumb Code     0  rt_memclr_w.o(.text)
    __rt_memclr_w                            0x08000361   Thumb Code     0  rt_memclr_w.o(.text)
    _memset_w                                0x08000365   Thumb Code    74  rt_memclr_w.o(.text)
    __use_two_region_memory                  0x080003af   Thumb Code     2  heapauxi.o(.text)
    __rt_heap_escrow$2region                 0x080003b1   Thumb Code     2  heapauxi.o(.text)
    __rt_heap_expand$2region                 0x080003b3   Thumb Code     2  heapauxi.o(.text)
    _printf_int_common                       0x080003b5   Thumb Code   178  _printf_intcommon.o(.text)
    _printf_char_common                      0x08000473   Thumb Code    32  _printf_char_common.o(.text)
    _sputc                                   0x08000499   Thumb Code    10  _sputc.o(.text)
    __user_setup_stackheap                   0x080004a3   Thumb Code    74  sys_stackheap_outer.o(.text)
    exit                                     0x080004ed   Thumb Code    18  exit.o(.text)
    __user_libspace                          0x08000501   Thumb Code     8  libspace.o(.text)
    __user_perproc_libspace                  0x08000501   Thumb Code     0  libspace.o(.text)
    __user_perthread_libspace                0x08000501   Thumb Code     0  libspace.o(.text)
    _sys_exit                                0x08000509   Thumb Code     8  sys_exit.o(.text)
    __I$use$semihosting                      0x08000515   Thumb Code     0  use_no_semi.o(.text)
    __use_no_semihosting_swi                 0x08000515   Thumb Code     2  use_no_semi.o(.text)
    __semihosting_library_function           0x08000517   Thumb Code     0  indicate_semi.o(.text)
    BusFault_Handler                         0x08000519   Thumb Code     2  stm32f1xx_it.o(.text.BusFault_Handler)
    DebugMon_Handler                         0x0800051d   Thumb Code     2  stm32f1xx_it.o(.text.DebugMon_Handler)
    EXTI2_IRQHandler                         0x08000521   Thumb Code     6  stm32f1xx_it.o(.text.EXTI2_IRQHandler)
    HAL_Delay                                0x08000529   Thumb Code    40  stm32f1xx_hal.o(.text.HAL_Delay)
    HAL_GPIO_EXTI_Callback                   0x08000551   Thumb Code    40  main.o(.text.HAL_GPIO_EXTI_Callback)
    HAL_GPIO_EXTI_IRQHandler                 0x08000579   Thumb Code    22  stm32f1xx_hal_gpio.o(.text.HAL_GPIO_EXTI_IRQHandler)
    HAL_GPIO_Init                            0x08000591   Thumb Code   506  stm32f1xx_hal_gpio.o(.text.HAL_GPIO_Init)
    HAL_GPIO_WritePin                        0x0800078d   Thumb Code    10  stm32f1xx_hal_gpio.o(.text.HAL_GPIO_WritePin)
    HAL_GetTick                              0x08000799   Thumb Code    12  stm32f1xx_hal.o(.text.HAL_GetTick)
    HAL_I2C_Init                             0x080007a5   Thumb Code   374  stm32f1xx_hal_i2c.o(.text.HAL_I2C_Init)
    HAL_I2C_Master_Transmit                  0x0800091d   Thumb Code   468  stm32f1xx_hal_i2c.o(.text.HAL_I2C_Master_Transmit)
    HAL_I2C_MspInit                          0x08000af1   Thumb Code    98  stm32f1xx_hal_msp.o(.text.HAL_I2C_MspInit)
    HAL_IncTick                              0x08000b55   Thumb Code    26  stm32f1xx_hal.o(.text.HAL_IncTick)
    HAL_Init                                 0x08000b71   Thumb Code    38  stm32f1xx_hal.o(.text.HAL_Init)
    HAL_InitTick                             0x08000b99   Thumb Code    72  stm32f1xx_hal.o(.text.HAL_InitTick)
    HAL_MspInit                              0x08000be1   Thumb Code    66  stm32f1xx_hal_msp.o(.text.HAL_MspInit)
    HAL_NVIC_EnableIRQ                       0x08000c25   Thumb Code    38  stm32f1xx_hal_cortex.o(.text.HAL_NVIC_EnableIRQ)
    HAL_NVIC_SetPriority                     0x08000c4d   Thumb Code    86  stm32f1xx_hal_cortex.o(.text.HAL_NVIC_SetPriority)
    HAL_NVIC_SetPriorityGrouping             0x08000ca5   Thumb Code    32  stm32f1xx_hal_cortex.o(.text.HAL_NVIC_SetPriorityGrouping)
    HAL_RCC_ClockConfig                      0x08000cc5   Thumb Code   446  stm32f1xx_hal_rcc.o(.text.HAL_RCC_ClockConfig)
    HAL_RCC_GetPCLK1Freq                     0x08000e85   Thumb Code    38  stm32f1xx_hal_rcc.o(.text.HAL_RCC_GetPCLK1Freq)
    HAL_RCC_OscConfig                        0x08000ead   Thumb Code   948  stm32f1xx_hal_rcc.o(.text.HAL_RCC_OscConfig)
    HAL_SYSTICK_Config                       0x08001261   Thumb Code    44  stm32f1xx_hal_cortex.o(.text.HAL_SYSTICK_Config)
    HardFault_Handler                        0x0800128d   Thumb Code     2  stm32f1xx_it.o(.text.HardFault_Handler)
    MemManage_Handler                        0x080016c5   Thumb Code     2  stm32f1xx_it.o(.text.MemManage_Handler)
    NMI_Handler                              0x080016c9   Thumb Code     2  stm32f1xx_it.o(.text.NMI_Handler)
    PendSV_Handler                           0x080016cd   Thumb Code     2  stm32f1xx_it.o(.text.PendSV_Handler)
    SVC_Handler                              0x080016d1   Thumb Code     2  stm32f1xx_it.o(.text.SVC_Handler)
    SysTick_Handler                          0x080016d5   Thumb Code     4  stm32f1xx_it.o(.text.SysTick_Handler)
    SystemInit                               0x080016d9   Thumb Code     2  system_stm32f1xx.o(.text.SystemInit)
    UsageFault_Handler                       0x080016dd   Thumb Code     2  stm32f1xx_it.o(.text.UsageFault_Handler)
    led_switch                               0x080016e1   Thumb Code    16  led.o(.text.led_switch)
    main                                     0x080016f1   Thumb Code   480  main.o(.text.main)
    u8g2_ClearBuffer                         0x080018d9   Thumb Code    22  u8g2_buffer.o(.text.u8g2_ClearBuffer)
    u8g2_DrawHVLine                          0x080018f1   Thumb Code   262  u8g2_hvline.o(.text.u8g2_DrawHVLine)
    u8g2_DrawStr                             0x080019f9   Thumb Code    16  u8g2_font.o(.text.u8g2_DrawStr)
    u8g2_DrawXBM                             0x08001a09   Thumb Code   290  u8g2_bitmap.o(.text.u8g2_DrawXBM)
    u8g2_IsIntersection                      0x08001b2d   Thumb Code   104  u8g2_intersection.o(.text.u8g2_IsIntersection)
    u8g2_SendBuffer                          0x08001b95   Thumb Code    18  u8g2_buffer.o(.text.u8g2_SendBuffer)
    u8g2_SetFont                             0x08001ba9   Thumb Code   236  u8g2_font.o(.text.u8g2_SetFont)
    u8g2_SetFontPosBaseline                  0x08001c95   Thumb Code    12  u8g2_font.o(.text.u8g2_SetFontPosBaseline)
    u8g2_SetupBuffer                         0x08001ca1   Thumb Code    80  u8g2_setup.o(.text.u8g2_SetupBuffer)
    u8g2_Setup_ssd1306_i2c_128x64_noname_f   0x08001cf1   Thumb Code    70  u8g2_d_setup.o(.text.u8g2_Setup_ssd1306_i2c_128x64_noname_f)
    u8g2_add_vector_x                        0x08001d39   Thumb Code    34  u8g2_font.o(.text.u8g2_add_vector_x)
    u8g2_add_vector_y                        0x08001d5d   Thumb Code    34  u8g2_font.o(.text.u8g2_add_vector_y)
    u8g2_draw_hv_line_2dir                   0x08001d81   Thumb Code    30  u8g2_hvline.o(.text.u8g2_draw_hv_line_2dir)
    u8g2_draw_l90_r0                         0x08001da1   Thumb Code    20  u8g2_setup.o(.text.u8g2_draw_l90_r0)
    u8g2_font_calc_vref_font                 0x08001ea5   Thumb Code     4  u8g2_font.o(.text.u8g2_font_calc_vref_font)
    u8g2_font_decode_glyph                   0x08001ea9   Thumb Code  1160  u8g2_font.o(.text.u8g2_font_decode_glyph)
    u8g2_font_get_glyph_data                 0x08002331   Thumb Code   204  u8g2_font.o(.text.u8g2_font_get_glyph_data)
    u8g2_init                                0x08002405   Thumb Code   140  stm32_hal_hw_i2c_u8g2.o(.text.u8g2_init)
    u8g2_ll_hvline_vertical_top_lsb          0x08002491   Thumb Code   632  u8g2_ll_hvline.o(.text.u8g2_ll_hvline_vertical_top_lsb)
    u8g2_m_16_8_f                            0x08002709   Thumb Code    16  u8g2_d_memory.o(.text.u8g2_m_16_8_f)
    u8g2_update_dimension_r0                 0x08002771   Thumb Code    64  u8g2_setup.o(.text.u8g2_update_dimension_r0)
    u8g2_update_page_win_r0                  0x080027b1   Thumb Code   132  u8g2_setup.o(.text.u8g2_update_page_win_r0)
    u8x8_DrawTile                            0x08002835   Thumb Code    40  u8x8_display.o(.text.u8x8_DrawTile)
    u8x8_InitDisplay                         0x0800285d   Thumb Code    12  u8x8_display.o(.text.u8x8_InitDisplay)
    u8x8_RefreshDisplay                      0x08002869   Thumb Code    12  u8x8_display.o(.text.u8x8_RefreshDisplay)
    u8x8_SetPowerSave                        0x08002875   Thumb Code    12  u8x8_display.o(.text.u8x8_SetPowerSave)
    u8x8_Setup                               0x08002881   Thumb Code    48  u8x8_setup.o(.text.u8x8_Setup)
    u8x8_SetupMemory                         0x080028b1   Thumb Code    12  u8x8_display.o(.text.u8x8_SetupMemory)
    u8x8_ascii_next                          0x080028bd   Thumb Code    18  u8x8_8x8.o(.text.u8x8_ascii_next)
    u8x8_byte_EndTransfer                    0x080028d1   Thumb Code    12  u8x8_byte.o(.text.u8x8_byte_EndTransfer)
    u8x8_byte_SendByte                       0x080028dd   Thumb Code    22  u8x8_byte.o(.text.u8x8_byte_SendByte)
    u8x8_byte_SendBytes                      0x080028f5   Thumb Code    12  u8x8_byte.o(.text.u8x8_byte_SendBytes)
    u8x8_byte_StartTransfer                  0x08002901   Thumb Code    12  u8x8_byte.o(.text.u8x8_byte_StartTransfer)
    u8x8_byte_hw_i2c                         0x0800290d   Thumb Code   220  stm32_hal_hw_i2c_u8g2.o(.text.u8x8_byte_hw_i2c)
    u8x8_cad_EndTransfer                     0x080029e9   Thumb Code    12  u8x8_cad.o(.text.u8x8_cad_EndTransfer)
    u8x8_cad_SendArg                         0x080029f5   Thumb Code    12  u8x8_cad.o(.text.u8x8_cad_SendArg)
    u8x8_cad_SendCmd                         0x08002a01   Thumb Code    12  u8x8_cad.o(.text.u8x8_cad_SendCmd)
    u8x8_cad_SendData                        0x08002a0d   Thumb Code    12  u8x8_cad.o(.text.u8x8_cad_SendData)
    u8x8_cad_SendSequence                    0x08002a19   Thumb Code   124  u8x8_cad.o(.text.u8x8_cad_SendSequence)
    u8x8_cad_StartTransfer                   0x08002a95   Thumb Code    12  u8x8_cad.o(.text.u8x8_cad_StartTransfer)
    u8x8_cad_ssd13xx_fast_i2c                0x08002aa1   Thumb Code   456  u8x8_cad.o(.text.u8x8_cad_ssd13xx_fast_i2c)
    u8x8_d_helper_display_init               0x08002c69   Thumb Code   100  u8x8_display.o(.text.u8x8_d_helper_display_init)
    u8x8_d_helper_display_setup_memory       0x08002ccd   Thumb Code    10  u8x8_display.o(.text.u8x8_d_helper_display_setup_memory)
    u8x8_d_ssd1306_128x64_noname             0x08002cd9   Thumb Code    72  u8x8_d_ssd1306_128x64_noname.o(.text.u8x8_d_ssd1306_128x64_noname)
    u8x8_gpio_and_delay                      0x08002e25   Thumb Code     4  stm32_hal_hw_i2c_u8g2.o(.text.u8x8_gpio_and_delay)
    u8x8_gpio_call                           0x08002e29   Thumb Code     8  u8x8_gpio.o(.text.u8x8_gpio_call)
    u8x8_utf8_init                           0x08002e61   Thumb Code     8  u8x8_8x8.o(.text.u8x8_utf8_init)
    AHBPrescTable                            0x08002e68   Data          16  system_stm32f1xx.o(.rodata.AHBPrescTable)
    APBPrescTable                            0x08002e78   Data           8  system_stm32f1xx.o(.rodata.APBPrescTable)
    u8g2_cb_r0                               0x08002e94   Data          12  u8g2_setup.o(.rodata.u8g2_cb_r0)
    u8g2_font_6x10_mf                        0x08002ea0   Data        2393  u8g2_fonts.o(.rodata.u8g2_font_6x10_mf)
    u8g2_font_6x10_tf                        0x080037f9   Data        2000  u8g2_fonts.o(.rodata.u8g2_font_6x10_tf)
    Region$$Table$$Base                      0x08008c30   Number         0  anon$$obj.o(Region$$Table)
    Region$$Table$$Limit                     0x08008c50   Number         0  anon$$obj.o(Region$$Table)
    temp                                     0x20000000   Data           4  main.o(.data..L_MergedGlobals)
    hum                                      0x20000004   Data           4  main.o(.data..L_MergedGlobals)
    xbm_kk0                                  0x20000008   Data          76  main.o(.data..L_MergedGlobals)
    uwTickFreq                               0x20000054   Data           1  stm32f1xx_hal.o(.data..L_MergedGlobals)
    uwTickPrio                               0x20000058   Data           4  stm32f1xx_hal.o(.data..L_MergedGlobals)
    SystemCoreClock                          0x2000005c   Data           4  system_stm32f1xx.o(.data.SystemCoreClock)
    __libspace_start                         0x20000060   Data          96  libspace.o(.bss)
    __temporary_stack_top$libspace           0x200000c0   Data           0  libspace.o(.bss)
    x                                        0x200000e8   Data           4  main.o(.bss..L_MergedGlobals.1)
    y                                        0x200000ec   Data           4  main.o(.bss..L_MergedGlobals.1)
    buf                                      0x200000f0   Data          32  main.o(.bss..L_MergedGlobals.1)
    hi2c1                                    0x20000110   Data          84  main.o(.bss..L_MergedGlobals.1)
    key_tick                                 0x20000164   Data           4  main.o(.bss.key_tick)
    u8g2                                     0x20000168   Data         148  main.o(.bss.u8g2)
    uwTick                                   0x20000600   Data           4  stm32f1xx_hal.o(.bss.uwTick)



==============================================================================

Memory Map of the image

  Image Entry point : 0x08000131

  Load Region LR_IROM1 (Base: 0x08000000, Size: 0x00008cb0, Max: 0x00040000, ABSOLUTE)

    Execution Region ER_IROM1 (Exec base: 0x08000000, Load base: 0x08000000, Size: 0x00008c50, Max: 0x00040000, ABSOLUTE)

    Exec Addr    Load Addr    Size         Type   Attr      Idx    E Section Name        Object

    0x08000000   0x08000000   0x00000130   Data   RO            3    RESET               startup_stm32f103xe.o
    0x08000130   0x08000130   0x00000008   Code   RO         3881  * !!!main             c_w.l(__main.o)
    0x08000138   0x08000138   0x00000034   Code   RO         4055    !!!scatter          c_w.l(__scatter.o)
    0x0800016c   0x0800016c   0x0000001a   Code   RO         4057    !!handler_copy      c_w.l(__scatter_copy.o)
    0x08000186   0x08000186   0x00000002   PAD
    0x08000188   0x08000188   0x0000001c   Code   RO         4059    !!handler_zi        c_w.l(__scatter_zi.o)
    0x080001a4   0x080001a4   0x00000000   Code   RO         3872    .ARM.Collect$$_printf_percent$$00000000  c_w.l(_printf_percent.o)
    0x080001a4   0x080001a4   0x00000006   Code   RO         3871    .ARM.Collect$$_printf_percent$$00000009  c_w.l(_printf_d.o)
    0x080001aa   0x080001aa   0x00000004   Code   RO         3890    .ARM.Collect$$_printf_percent$$00000017  c_w.l(_printf_percent_end.o)
    0x080001ae   0x080001ae   0x00000002   Code   RO         3917    .ARM.Collect$$libinit$$00000000  c_w.l(libinit.o)
    0x080001b0   0x080001b0   0x00000000   Code   RO         3924    .ARM.Collect$$libinit$$00000002  c_w.l(libinit2.o)
    0x080001b0   0x080001b0   0x00000000   Code   RO         3926    .ARM.Collect$$libinit$$00000004  c_w.l(libinit2.o)
    0x080001b0   0x080001b0   0x00000000   Code   RO         3928    .ARM.Collect$$libinit$$00000006  c_w.l(libinit2.o)
    0x080001b0   0x080001b0   0x00000000   Code   RO         3931    .ARM.Collect$$libinit$$0000000C  c_w.l(libinit2.o)
    0x080001b0   0x080001b0   0x00000000   Code   RO         3933    .ARM.Collect$$libinit$$0000000E  c_w.l(libinit2.o)
    0x080001b0   0x080001b0   0x00000000   Code   RO         3935    .ARM.Collect$$libinit$$00000010  c_w.l(libinit2.o)
    0x080001b0   0x080001b0   0x00000000   Code   RO         3938    .ARM.Collect$$libinit$$00000013  c_w.l(libinit2.o)
    0x080001b0   0x080001b0   0x00000000   Code   RO         3940    .ARM.Collect$$libinit$$00000015  c_w.l(libinit2.o)
    0x080001b0   0x080001b0   0x00000000   Code   RO         3942    .ARM.Collect$$libinit$$00000017  c_w.l(libinit2.o)
    0x080001b0   0x080001b0   0x00000000   Code   RO         3944    .ARM.Collect$$libinit$$00000019  c_w.l(libinit2.o)
    0x080001b0   0x080001b0   0x00000000   Code   RO         3946    .ARM.Collect$$libinit$$0000001B  c_w.l(libinit2.o)
    0x080001b0   0x080001b0   0x00000000   Code   RO         3948    .ARM.Collect$$libinit$$0000001D  c_w.l(libinit2.o)
    0x080001b0   0x080001b0   0x00000000   Code   RO         3950    .ARM.Collect$$libinit$$0000001F  c_w.l(libinit2.o)
    0x080001b0   0x080001b0   0x00000000   Code   RO         3952    .ARM.Collect$$libinit$$00000021  c_w.l(libinit2.o)
    0x080001b0   0x080001b0   0x00000000   Code   RO         3954    .ARM.Collect$$libinit$$00000023  c_w.l(libinit2.o)
    0x080001b0   0x080001b0   0x00000000   Code   RO         3956    .ARM.Collect$$libinit$$00000025  c_w.l(libinit2.o)
    0x080001b0   0x080001b0   0x00000000   Code   RO         3958    .ARM.Collect$$libinit$$00000027  c_w.l(libinit2.o)
    0x080001b0   0x080001b0   0x00000000   Code   RO         3962    .ARM.Collect$$libinit$$0000002E  c_w.l(libinit2.o)
    0x080001b0   0x080001b0   0x00000000   Code   RO         3964    .ARM.Collect$$libinit$$00000030  c_w.l(libinit2.o)
    0x080001b0   0x080001b0   0x00000000   Code   RO         3966    .ARM.Collect$$libinit$$00000032  c_w.l(libinit2.o)
    0x080001b0   0x080001b0   0x00000000   Code   RO         3968    .ARM.Collect$$libinit$$00000034  c_w.l(libinit2.o)
    0x080001b0   0x080001b0   0x00000002   Code   RO         3969    .ARM.Collect$$libinit$$00000035  c_w.l(libinit2.o)
    0x080001b2   0x080001b2   0x00000002   Code   RO         3991    .ARM.Collect$$libshutdown$$00000000  c_w.l(libshutdown.o)
    0x080001b4   0x080001b4   0x00000000   Code   RO         4006    .ARM.Collect$$libshutdown$$00000002  c_w.l(libshutdown2.o)
    0x080001b4   0x080001b4   0x00000000   Code   RO         4008    .ARM.Collect$$libshutdown$$00000004  c_w.l(libshutdown2.o)
    0x080001b4   0x080001b4   0x00000000   Code   RO         4011    .ARM.Collect$$libshutdown$$00000007  c_w.l(libshutdown2.o)
    0x080001b4   0x080001b4   0x00000000   Code   RO         4014    .ARM.Collect$$libshutdown$$0000000A  c_w.l(libshutdown2.o)
    0x080001b4   0x080001b4   0x00000000   Code   RO         4016    .ARM.Collect$$libshutdown$$0000000C  c_w.l(libshutdown2.o)
    0x080001b4   0x080001b4   0x00000000   Code   RO         4019    .ARM.Collect$$libshutdown$$0000000F  c_w.l(libshutdown2.o)
    0x080001b4   0x080001b4   0x00000002   Code   RO         4020    .ARM.Collect$$libshutdown$$00000010  c_w.l(libshutdown2.o)
    0x080001b6   0x080001b6   0x00000000   Code   RO         3883    .ARM.Collect$$rtentry$$00000000  c_w.l(__rtentry.o)
    0x080001b6   0x080001b6   0x00000000   Code   RO         3892    .ARM.Collect$$rtentry$$00000002  c_w.l(__rtentry2.o)
    0x080001b6   0x080001b6   0x00000006   Code   RO         3904    .ARM.Collect$$rtentry$$00000004  c_w.l(__rtentry4.o)
    0x080001bc   0x080001bc   0x00000000   Code   RO         3894    .ARM.Collect$$rtentry$$00000009  c_w.l(__rtentry2.o)
    0x080001bc   0x080001bc   0x00000004   Code   RO         3895    .ARM.Collect$$rtentry$$0000000A  c_w.l(__rtentry2.o)
    0x080001c0   0x080001c0   0x00000000   Code   RO         3897    .ARM.Collect$$rtentry$$0000000C  c_w.l(__rtentry2.o)
    0x080001c0   0x080001c0   0x00000008   Code   RO         3898    .ARM.Collect$$rtentry$$0000000D  c_w.l(__rtentry2.o)
    0x080001c8   0x080001c8   0x00000002   Code   RO         3921    .ARM.Collect$$rtexit$$00000000  c_w.l(rtexit.o)
    0x080001ca   0x080001ca   0x00000000   Code   RO         3971    .ARM.Collect$$rtexit$$00000002  c_w.l(rtexit2.o)
    0x080001ca   0x080001ca   0x00000004   Code   RO         3972    .ARM.Collect$$rtexit$$00000003  c_w.l(rtexit2.o)
    0x080001ce   0x080001ce   0x00000006   Code   RO         3973    .ARM.Collect$$rtexit$$00000004  c_w.l(rtexit2.o)
    0x080001d4   0x080001d4   0x00000040   Code   RO            4    .text               startup_stm32f103xe.o
    0x08000214   0x08000214   0x00000028   Code   RO         3845    .text               c_w.l(noretval__2sprintf.o)
    0x0800023c   0x0800023c   0x00000068   Code   RO         3847    .text               c_w.l(__printf.o)
    0x080002a4   0x080002a4   0x00000078   Code   RO         3849    .text               c_w.l(_printf_dec.o)
    0x0800031c   0x0800031c   0x00000044   Code   RO         3875    .text               c_w.l(rt_memclr.o)
    0x08000360   0x08000360   0x0000004e   Code   RO         3877    .text               c_w.l(rt_memclr_w.o)
    0x080003ae   0x080003ae   0x00000006   Code   RO         3879    .text               c_w.l(heapauxi.o)
    0x080003b4   0x080003b4   0x000000b2   Code   RO         3884    .text               c_w.l(_printf_intcommon.o)
    0x08000466   0x08000466   0x00000002   PAD
    0x08000468   0x08000468   0x00000030   Code   RO         3886    .text               c_w.l(_printf_char_common.o)
    0x08000498   0x08000498   0x0000000a   Code   RO         3888    .text               c_w.l(_sputc.o)
    0x080004a2   0x080004a2   0x0000004a   Code   RO         3908    .text               c_w.l(sys_stackheap_outer.o)
    0x080004ec   0x080004ec   0x00000012   Code   RO         3910    .text               c_w.l(exit.o)
    0x080004fe   0x080004fe   0x00000002   PAD
    0x08000500   0x08000500   0x00000008   Code   RO         3918    .text               c_w.l(libspace.o)
    0x08000508   0x08000508   0x0000000c   Code   RO         3981    .text               c_w.l(sys_exit.o)
    0x08000514   0x08000514   0x00000002   Code   RO         3996    .text               c_w.l(use_no_semi.o)
    0x08000516   0x08000516   0x00000000   Code   RO         3998    .text               c_w.l(indicate_semi.o)
    0x08000516   0x08000516   0x00000002   PAD
    0x08000518   0x08000518   0x00000002   Code   RO          152    .text.BusFault_Handler  stm32f1xx_it.o
    0x0800051a   0x0800051a   0x00000002   PAD
    0x0800051c   0x0800051c   0x00000002   Code   RO          158    .text.DebugMon_Handler  stm32f1xx_it.o
    0x0800051e   0x0800051e   0x00000002   PAD
    0x08000520   0x08000520   0x00000006   Code   RO          164    .text.EXTI2_IRQHandler  stm32f1xx_it.o
    0x08000526   0x08000526   0x00000002   PAD
    0x08000528   0x08000528   0x00000028   Code   RO          359    .text.HAL_Delay     stm32f1xx_hal.o
    0x08000550   0x08000550   0x00000028   Code   RO           11    .text.HAL_GPIO_EXTI_Callback  main.o
    0x08000578   0x08000578   0x00000016   Code   RO          463    .text.HAL_GPIO_EXTI_IRQHandler  stm32f1xx_hal_gpio.o
    0x0800058e   0x0800058e   0x00000002   PAD
    0x08000590   0x08000590   0x000001fa   Code   RO          451    .text.HAL_GPIO_Init  stm32f1xx_hal_gpio.o
    0x0800078a   0x0800078a   0x00000002   PAD
    0x0800078c   0x0800078c   0x0000000a   Code   RO          457    .text.HAL_GPIO_WritePin  stm32f1xx_hal_gpio.o
    0x08000796   0x08000796   0x00000002   PAD
    0x08000798   0x08000798   0x0000000c   Code   RO          351    .text.HAL_GetTick   stm32f1xx_hal.o
    0x080007a4   0x080007a4   0x00000176   Code   RO          201    .text.HAL_I2C_Init  stm32f1xx_hal_i2c.o
    0x0800091a   0x0800091a   0x00000002   PAD
    0x0800091c   0x0800091c   0x000001d4   Code   RO          209    .text.HAL_I2C_Master_Transmit  stm32f1xx_hal_i2c.o
    0x08000af0   0x08000af0   0x00000062   Code   RO          175    .text.HAL_I2C_MspInit  stm32f1xx_hal_msp.o
    0x08000b52   0x08000b52   0x00000002   PAD
    0x08000b54   0x08000b54   0x0000001a   Code   RO          349    .text.HAL_IncTick   stm32f1xx_hal.o
    0x08000b6e   0x08000b6e   0x00000002   PAD
    0x08000b70   0x08000b70   0x00000026   Code   RO          339    .text.HAL_Init      stm32f1xx_hal.o
    0x08000b96   0x08000b96   0x00000002   PAD
    0x08000b98   0x08000b98   0x00000048   Code   RO          341    .text.HAL_InitTick  stm32f1xx_hal.o
    0x08000be0   0x08000be0   0x00000042   Code   RO          173    .text.HAL_MspInit   stm32f1xx_hal_msp.o
    0x08000c22   0x08000c22   0x00000002   PAD
    0x08000c24   0x08000c24   0x00000026   Code   RO          511    .text.HAL_NVIC_EnableIRQ  stm32f1xx_hal_cortex.o
    0x08000c4a   0x08000c4a   0x00000002   PAD
    0x08000c4c   0x08000c4c   0x00000056   Code   RO          509    .text.HAL_NVIC_SetPriority  stm32f1xx_hal_cortex.o
    0x08000ca2   0x08000ca2   0x00000002   PAD
    0x08000ca4   0x08000ca4   0x00000020   Code   RO          507    .text.HAL_NVIC_SetPriorityGrouping  stm32f1xx_hal_cortex.o
    0x08000cc4   0x08000cc4   0x000001be   Code   RO          403    .text.HAL_RCC_ClockConfig  stm32f1xx_hal_rcc.o
    0x08000e82   0x08000e82   0x00000002   PAD
    0x08000e84   0x08000e84   0x00000026   Code   RO          415    .text.HAL_RCC_GetPCLK1Freq  stm32f1xx_hal_rcc.o
    0x08000eaa   0x08000eaa   0x00000002   PAD
    0x08000eac   0x08000eac   0x000003b4   Code   RO          401    .text.HAL_RCC_OscConfig  stm32f1xx_hal_rcc.o
    0x08001260   0x08001260   0x0000002c   Code   RO          519    .text.HAL_SYSTICK_Config  stm32f1xx_hal_cortex.o
    0x0800128c   0x0800128c   0x00000002   Code   RO          148    .text.HardFault_Handler  stm32f1xx_it.o
    0x0800128e   0x0800128e   0x00000002   PAD
    0x08001290   0x08001290   0x000000be   Code   RO          215    .text.I2C_WaitOnBTFFlagUntilTimeout  stm32f1xx_hal_i2c.o
    0x0800134e   0x0800134e   0x00000002   PAD
    0x08001350   0x08001350   0x000001d2   Code   RO          211    .text.I2C_WaitOnFlagUntilTimeout  stm32f1xx_hal_i2c.o
    0x08001522   0x08001522   0x00000002   PAD
    0x08001524   0x08001524   0x000000e0   Code   RO          329    .text.I2C_WaitOnMasterAddressFlagUntilTimeout  stm32f1xx_hal_i2c.o
    0x08001604   0x08001604   0x000000be   Code   RO          213    .text.I2C_WaitOnTXEFlagUntilTimeout  stm32f1xx_hal_i2c.o
    0x080016c2   0x080016c2   0x00000002   PAD
    0x080016c4   0x080016c4   0x00000002   Code   RO          150    .text.MemManage_Handler  stm32f1xx_it.o
    0x080016c6   0x080016c6   0x00000002   PAD
    0x080016c8   0x080016c8   0x00000002   Code   RO          146    .text.NMI_Handler   stm32f1xx_it.o
    0x080016ca   0x080016ca   0x00000002   PAD
    0x080016cc   0x080016cc   0x00000002   Code   RO          160    .text.PendSV_Handler  stm32f1xx_it.o
    0x080016ce   0x080016ce   0x00000002   PAD
    0x080016d0   0x080016d0   0x00000002   Code   RO          156    .text.SVC_Handler   stm32f1xx_it.o
    0x080016d2   0x080016d2   0x00000002   PAD
    0x080016d4   0x080016d4   0x00000004   Code   RO          162    .text.SysTick_Handler  stm32f1xx_it.o
    0x080016d8   0x080016d8   0x00000002   Code   RO          674    .text.SystemInit    system_stm32f1xx.o
    0x080016da   0x080016da   0x00000002   PAD
    0x080016dc   0x080016dc   0x00000002   Code   RO          154    .text.UsageFault_Handler  stm32f1xx_it.o
    0x080016de   0x080016de   0x00000002   PAD
    0x080016e0   0x080016e0   0x00000010   Code   RO          689    .text.led_switch    led.o
    0x080016f0   0x080016f0   0x000001e8   Code   RO           15    .text.main          main.o
    0x080018d8   0x080018d8   0x00000016   Code   RO          972    .text.u8g2_ClearBuffer  u8g2_buffer.o
    0x080018ee   0x080018ee   0x00000002   PAD
    0x080018f0   0x080018f0   0x00000106   Code   RO         3098    .text.u8g2_DrawHVLine  u8g2_hvline.o
    0x080019f6   0x080019f6   0x00000002   PAD
    0x080019f8   0x080019f8   0x00000010   Code   RO         1112    .text.u8g2_DrawStr  u8g2_font.o
    0x08001a08   0x08001a08   0x00000122   Code   RO          942    .text.u8g2_DrawXBM  u8g2_bitmap.o
    0x08001b2a   0x08001b2a   0x00000002   PAD
    0x08001b2c   0x08001b2c   0x00000068   Code   RO         3127    .text.u8g2_IsIntersection  u8g2_intersection.o
    0x08001b94   0x08001b94   0x00000012   Code   RO          974    .text.u8g2_SendBuffer  u8g2_buffer.o
    0x08001ba6   0x08001ba6   0x00000002   PAD
    0x08001ba8   0x08001ba8   0x000000ec   Code   RO         1152    .text.u8g2_SetFont  u8g2_font.o
    0x08001c94   0x08001c94   0x0000000c   Code   RO         1138    .text.u8g2_SetFontPosBaseline  u8g2_font.o
    0x08001ca0   0x08001ca0   0x00000050   Code   RO         3232    .text.u8g2_SetupBuffer  u8g2_setup.o
    0x08001cf0   0x08001cf0   0x00000046   Code   RO         1059    .text.u8g2_Setup_ssd1306_i2c_128x64_noname_f  u8g2_d_setup.o
    0x08001d36   0x08001d36   0x00000002   PAD
    0x08001d38   0x08001d38   0x00000022   Code   RO         1090    .text.u8g2_add_vector_x  u8g2_font.o
    0x08001d5a   0x08001d5a   0x00000002   PAD
    0x08001d5c   0x08001d5c   0x00000022   Code   RO         1088    .text.u8g2_add_vector_y  u8g2_font.o
    0x08001d7e   0x08001d7e   0x00000002   PAD
    0x08001d80   0x08001d80   0x0000001e   Code   RO         3096    .text.u8g2_draw_hv_line_2dir  u8g2_hvline.o
    0x08001d9e   0x08001d9e   0x00000002   PAD
    0x08001da0   0x08001da0   0x00000014   Code   RO         3254    .text.u8g2_draw_l90_r0  u8g2_setup.o
    0x08001db4   0x08001db4   0x000000ee   Code   RO         1114    .text.u8g2_draw_string  u8g2_font.o
    0x08001ea2   0x08001ea2   0x00000002   PAD
    0x08001ea4   0x08001ea4   0x00000004   Code   RO         1136    .text.u8g2_font_calc_vref_font  u8g2_font.o
    0x08001ea8   0x08001ea8   0x00000488   Code   RO         1096    .text.u8g2_font_decode_glyph  u8g2_font.o
    0x08002330   0x08002330   0x000000cc   Code   RO         1100    .text.u8g2_font_get_glyph_data  u8g2_font.o
    0x080023fc   0x080023fc   0x00000008   Code   RO         1070    .text.u8g2_font_get_word  u8g2_font.o
    0x08002404   0x08002404   0x0000008c   Code   RO          705    .text.u8g2_init     stm32_hal_hw_i2c_u8g2.o
    0x08002490   0x08002490   0x00000278   Code   RO         3158    .text.u8g2_ll_hvline_vertical_top_lsb  u8g2_ll_hvline.o
    0x08002708   0x08002708   0x00000010   Code   RO         1049    .text.u8g2_m_16_8_f  u8g2_d_memory.o
    0x08002718   0x08002718   0x00000058   Code   RO          976    .text.u8g2_send_buffer  u8g2_buffer.o
    0x08002770   0x08002770   0x00000040   Code   RO         3238    .text.u8g2_update_dimension_r0  u8g2_setup.o
    0x080027b0   0x080027b0   0x00000084   Code   RO         3240    .text.u8g2_update_page_win_r0  u8g2_setup.o
    0x08002834   0x08002834   0x00000028   Code   RO         3564    .text.u8x8_DrawTile  u8x8_display.o
    0x0800285c   0x0800285c   0x0000000c   Code   RO         3570    .text.u8x8_InitDisplay  u8x8_display.o
    0x08002868   0x08002868   0x0000000c   Code   RO         3578    .text.u8x8_RefreshDisplay  u8x8_display.o
    0x08002874   0x08002874   0x0000000c   Code   RO         3572    .text.u8x8_SetPowerSave  u8x8_display.o
    0x08002880   0x08002880   0x00000030   Code   RO         3784    .text.u8x8_Setup    u8x8_setup.o
    0x080028b0   0x080028b0   0x0000000c   Code   RO         3566    .text.u8x8_SetupMemory  u8x8_display.o
    0x080028bc   0x080028bc   0x00000012   Code   RO         3357    .text.u8x8_ascii_next  u8x8_8x8.o
    0x080028ce   0x080028ce   0x00000002   PAD
    0x080028d0   0x080028d0   0x0000000c   Code   RO         3399    .text.u8x8_byte_EndTransfer  u8x8_byte.o
    0x080028dc   0x080028dc   0x00000016   Code   RO         3395    .text.u8x8_byte_SendByte  u8x8_byte.o
    0x080028f2   0x080028f2   0x00000002   PAD
    0x080028f4   0x080028f4   0x0000000c   Code   RO         3393    .text.u8x8_byte_SendBytes  u8x8_byte.o
    0x08002900   0x08002900   0x0000000c   Code   RO         3397    .text.u8x8_byte_StartTransfer  u8x8_byte.o
    0x0800290c   0x0800290c   0x000000dc   Code   RO          701    .text.u8x8_byte_hw_i2c  stm32_hal_hw_i2c_u8g2.o
    0x080029e8   0x080029e8   0x0000000c   Code   RO         3443    .text.u8x8_cad_EndTransfer  u8x8_cad.o
    0x080029f4   0x080029f4   0x0000000c   Code   RO         3435    .text.u8x8_cad_SendArg  u8x8_cad.o
    0x08002a00   0x08002a00   0x0000000c   Code   RO         3433    .text.u8x8_cad_SendCmd  u8x8_cad.o
    0x08002a0c   0x08002a0c   0x0000000c   Code   RO         3439    .text.u8x8_cad_SendData  u8x8_cad.o
    0x08002a18   0x08002a18   0x0000007c   Code   RO         3449    .text.u8x8_cad_SendSequence  u8x8_cad.o
    0x08002a94   0x08002a94   0x0000000c   Code   RO         3441    .text.u8x8_cad_StartTransfer  u8x8_cad.o
    0x08002aa0   0x08002aa0   0x000001c8   Code   RO         3469    .text.u8x8_cad_ssd13xx_fast_i2c  u8x8_cad.o
    0x08002c68   0x08002c68   0x00000064   Code   RO         3562    .text.u8x8_d_helper_display_init  u8x8_display.o
    0x08002ccc   0x08002ccc   0x0000000a   Code   RO         3560    .text.u8x8_d_helper_display_setup_memory  u8x8_display.o
    0x08002cd6   0x08002cd6   0x00000002   PAD
    0x08002cd8   0x08002cd8   0x00000048   Code   RO         3513    .text.u8x8_d_ssd1306_128x64_noname  u8x8_d_ssd1306_128x64_noname.o
    0x08002d20   0x08002d20   0x00000104   Code   RO         3515    .text.u8x8_d_ssd1306_sh1106_generic  u8x8_d_ssd1306_128x64_noname.o
    0x08002e24   0x08002e24   0x00000004   Code   RO          703    .text.u8x8_gpio_and_delay  stm32_hal_hw_i2c_u8g2.o
    0x08002e28   0x08002e28   0x00000008   Code   RO         3730    .text.u8x8_gpio_call  u8x8_gpio.o
    0x08002e30   0x08002e30   0x0000002e   Code   RO         3467    .text.u8x8_i2c_data_transfer  u8x8_cad.o
    0x08002e5e   0x08002e5e   0x00000002   PAD
    0x08002e60   0x08002e60   0x00000008   Code   RO         3355    .text.u8x8_utf8_init  u8x8_8x8.o
    0x08002e68   0x08002e68   0x00000010   Data   RO          679    .rodata.AHBPrescTable  system_stm32f1xx.o
    0x08002e78   0x08002e78   0x00000008   Data   RO          680    .rodata.APBPrescTable  system_stm32f1xx.o
    0x08002e80   0x08002e80   0x00000002   Data   RO          428    .rodata.HAL_RCC_GetSysClockFreq.aPredivFactorTable  stm32f1xx_hal_rcc.o
    0x08002e82   0x08002e82   0x00000010   Data   RO          427    .rodata.cst16       stm32f1xx_hal_rcc.o
    0x08002e92   0x08002e92   0x00000002   PAD
    0x08002e94   0x08002e94   0x0000000c   Data   RO         3268    .rodata.u8g2_cb_r0  u8g2_setup.o
    0x08002ea0   0x08002ea0   0x00000959   Data   RO         1236    .rodata.u8g2_font_6x10_mf  u8g2_fonts.o
    0x080037f9   0x080037f9   0x000007d0   Data   RO         1233    .rodata.u8g2_font_6x10_tf  u8g2_fonts.o
    0x08003fc9   0x08003fc9   0x00000007   Data   RO         3540    .rodata.u8x8_d_ssd1306_128x64_noname_flip0_seq  u8x8_d_ssd1306_128x64_noname.o
    0x08003fd0   0x08003fd0   0x00000007   Data   RO         3541    .rodata.u8x8_d_ssd1306_128x64_noname_flip1_seq  u8x8_d_ssd1306_128x64_noname.o
    0x08003fd7   0x08003fd7   0x00000035   Data   RO         3529    .rodata.u8x8_d_ssd1306_128x64_noname_init_seq  u8x8_d_ssd1306_128x64_noname.o
    0x0800400c   0x0800400c   0x00000005   Data   RO         3538    .rodata.u8x8_d_ssd1306_128x64_noname_powersave0_seq  u8x8_d_ssd1306_128x64_noname.o
    0x08004011   0x08004011   0x00000005   Data   RO         3539    .rodata.u8x8_d_ssd1306_128x64_noname_powersave1_seq  u8x8_d_ssd1306_128x64_noname.o
    0x08004016   0x08004016   0x00000002   PAD
    0x08004018   0x08004018   0x00000018   Data   RO         3530    .rodata.u8x8_ssd1306_128x64_noname_display_info  u8x8_d_ssd1306_128x64_noname.o
    0x08004030   0x08004030   0x00000400   Data   RO           22    .rodata.xbm_kk0_f0  main.o
    0x08004430   0x08004430   0x00000400   Data   RO           23    .rodata.xbm_kk0_f1  main.o
    0x08004830   0x08004830   0x00000400   Data   RO           32    .rodata.xbm_kk0_f10  main.o
    0x08004c30   0x08004c30   0x00000400   Data   RO           33    .rodata.xbm_kk0_f11  main.o
    0x08005030   0x08005030   0x00000400   Data   RO           34    .rodata.xbm_kk0_f12  main.o
    0x08005430   0x08005430   0x00000400   Data   RO           35    .rodata.xbm_kk0_f13  main.o
    0x08005830   0x08005830   0x00000400   Data   RO           36    .rodata.xbm_kk0_f14  main.o
    0x08005c30   0x08005c30   0x00000400   Data   RO           37    .rodata.xbm_kk0_f15  main.o
    0x08006030   0x08006030   0x00000400   Data   RO           38    .rodata.xbm_kk0_f16  main.o
    0x08006430   0x08006430   0x00000400   Data   RO           39    .rodata.xbm_kk0_f17  main.o
    0x08006830   0x08006830   0x00000400   Data   RO           40    .rodata.xbm_kk0_f18  main.o
    0x08006c30   0x08006c30   0x00000400   Data   RO           24    .rodata.xbm_kk0_f2  main.o
    0x08007030   0x08007030   0x00000400   Data   RO           25    .rodata.xbm_kk0_f3  main.o
    0x08007430   0x08007430   0x00000400   Data   RO           26    .rodata.xbm_kk0_f4  main.o
    0x08007830   0x08007830   0x00000400   Data   RO           27    .rodata.xbm_kk0_f5  main.o
    0x08007c30   0x08007c30   0x00000400   Data   RO           28    .rodata.xbm_kk0_f6  main.o
    0x08008030   0x08008030   0x00000400   Data   RO           29    .rodata.xbm_kk0_f7  main.o
    0x08008430   0x08008430   0x00000400   Data   RO           30    .rodata.xbm_kk0_f8  main.o
    0x08008830   0x08008830   0x00000400   Data   RO           31    .rodata.xbm_kk0_f9  main.o
    0x08008c30   0x08008c30   0x00000020   Data   RO         4054    Region$$Table       anon$$obj.o


    Execution Region RW_IRAM1 (Exec base: 0x20000000, Load base: 0x08008c50, Size: 0x00000c08, Max: 0x0000c000, ABSOLUTE)

    Exec Addr    Load Addr    Size         Type   Attr      Idx    E Section Name        Object

    0x20000000   0x08008c50   0x00000054   Data   RW          136    .data..L_MergedGlobals  main.o
    0x20000054   0x08008ca4   0x00000008   Data   RW          390    .data..L_MergedGlobals  stm32f1xx_hal.o
    0x2000005c   0x08008cac   0x00000004   Data   RW          678    .data.SystemCoreClock  system_stm32f1xx.o
    0x20000060        -       0x00000060   Zero   RW         3919    .bss                c_w.l(libspace.o)
    0x200000c0        -       0x00000028   Zero   RW          708    .bss..L_MergedGlobals  stm32_hal_hw_i2c_u8g2.o
    0x200000e8        -       0x0000007c   Zero   RW          137    .bss..L_MergedGlobals.1  main.o
    0x20000164        -       0x00000004   Zero   RW           21    .bss.key_tick       main.o
    0x20000168        -       0x00000094   Zero   RW          134    .bss.u8g2           main.o
    0x200001fc        -       0x00000400   Zero   RW         1051    .bss.u8g2_m_16_8_f.buf  u8g2_d_memory.o
    0x200005fc        -       0x00000001   Zero   RW         3480    .bss.u8x8_cad_ssd13xx_fast_i2c.in_transfer  u8x8_cad.o
    0x200005fd   0x08008cb0   0x00000003   PAD
    0x20000600        -       0x00000004   Zero   RW          389    .bss.uwTick         stm32f1xx_hal.o
    0x20000604   0x08008cb0   0x00000004   PAD
    0x20000608        -       0x00000200   Zero   RW            2    HEAP                startup_stm32f103xe.o
    0x20000808        -       0x00000400   Zero   RW            1    STACK               startup_stm32f103xe.o


==============================================================================

Image component sizes


      Code (inc. data)   RO Data    RW Data    ZI Data      Debug   Object Name

        16          0          0          0          0       1588   led.o
       528          8      19456         84        276      15137   main.o
        64         26        304          0       1536        772   startup_stm32f103xe.o
       364          0          0          0         40       8317   stm32_hal_hw_i2c_u8g2.o
       188          0          0          8          4       6052   stm32f1xx_hal.o
       200          0          0          0          0       8810   stm32f1xx_hal_cortex.o
       538         20          0          0          0       4520   stm32f1xx_hal_gpio.o
      1912          0          0          0          0      42532   stm32f1xx_hal_i2c.o
       164          0          0          0          0       4549   stm32f1xx_hal_msp.o
      1432          0         18          0          0       7652   stm32f1xx_hal_rcc.o
        26          0          0          0          0       1440   stm32f1xx_it.o
         2          0         24          4          0       1602   system_stm32f1xx.o
       290          0          0          0          0       9587   u8g2_bitmap.o
       128          0          0          0          0       8035   u8g2_buffer.o
        16          0          0          0       1024        678   u8g2_d_memory.o
        70          0          0          0          0       4553   u8g2_d_setup.o
      1946         16          0          0          0      43824   u8g2_font.o
         0          0       4393          0          0     101969   u8g2_fonts.o
       292          0          0          0          0       8089   u8g2_hvline.o
       104          0          0          0          0       5137   u8g2_intersection.o
       632          0          0          0          0       7656   u8g2_ll_hvline.o
       296          0         12          0          0      12694   u8g2_setup.o
        26          0          0          0          0      12071   u8x8_8x8.o
        58          0          0          0          0      12246   u8x8_byte.o
       686          8          0          0          1      16924   u8x8_cad.o
       332          6        101          0          0       6776   u8x8_d_ssd1306_128x64_noname.o
       198          0          0          0          0       4823   u8x8_display.o
         8          0          0          0          0       2046   u8x8_gpio.o
        48          0          0          0          0       3022   u8x8_setup.o

    ----------------------------------------------------------------------
     10640         84      24344         96       2888     363101   Object Totals
         0          0         32          0          0          0   (incl. Generated)
        76          0          4          0          7          0   (incl. Padding)

    ----------------------------------------------------------------------

      Code (inc. data)   RO Data    RW Data    ZI Data      Debug   Library Member Name

         8          0          0          0          0         68   __main.o
       104          0          0          0          0         84   __printf.o
         0          0          0          0          0          0   __rtentry.o
        12          0          0          0          0          0   __rtentry2.o
         6          0          0          0          0          0   __rtentry4.o
        52          8          0          0          0          0   __scatter.o
        26          0          0          0          0          0   __scatter_copy.o
        28          0          0          0          0          0   __scatter_zi.o
        48          6          0          0          0         96   _printf_char_common.o
         6          0          0          0          0          0   _printf_d.o
       120         16          0          0          0         92   _printf_dec.o
       178          0          0          0          0         88   _printf_intcommon.o
         0          0          0          0          0          0   _printf_percent.o
         4          0          0          0          0          0   _printf_percent_end.o
        10          0          0          0          0         68   _sputc.o
        18          0          0          0          0         80   exit.o
         6          0          0          0          0        152   heapauxi.o
         0          0          0          0          0          0   indicate_semi.o
         2          0          0          0          0          0   libinit.o
         2          0          0          0          0          0   libinit2.o
         2          0          0          0          0          0   libshutdown.o
         2          0          0          0          0          0   libshutdown2.o
         8          4          0          0         96         68   libspace.o
        40          6          0          0          0         84   noretval__2sprintf.o
        68          0          0          0          0         68   rt_memclr.o
        78          0          0          0          0         80   rt_memclr_w.o
         2          0          0          0          0          0   rtexit.o
        10          0          0          0          0          0   rtexit2.o
        12          4          0          0          0         68   sys_exit.o
        74          0          0          0          0         80   sys_stackheap_outer.o
         2          0          0          0          0         68   use_no_semi.o

    ----------------------------------------------------------------------
       936         44          0          0         96       1244   Library Totals
         8          0          0          0          0          0   (incl. Padding)

    ----------------------------------------------------------------------

      Code (inc. data)   RO Data    RW Data    ZI Data      Debug   Library Name

       928         44          0          0         96       1244   c_w.l

    ----------------------------------------------------------------------
       936         44          0          0         96       1244   Library Totals

    ----------------------------------------------------------------------

==============================================================================


      Code (inc. data)   RO Data    RW Data    ZI Data      Debug   

     11576        128      24344         96       2984     363301   Grand Totals
     11576        128      24344         96       2984     363301   ELF Image Totals
     11576        128      24344         96          0          0   ROM Totals

==============================================================================

    Total RO  Size (Code + RO Data)                35920 (  35.08kB)
    Total RW  Size (RW Data + ZI Data)              3080 (   3.01kB)
    Total ROM Size (Code + RO Data + RW Data)      36016 (  35.17kB)

==============================================================================

